2016-06-19 19:02:50,338 - dataPROC.StockDataProc - INFO - main join!
2016-06-19 19:02:56,631 - dataPROC.StockDataProc - INFO - P3 wait!
2016-06-19 19:02:56,631 - dataPROC.StockDataProc - INFO - P1 wait!
2016-06-19 19:02:58,516 - dataPROC.StockDataProc - INFO - P0 wait!
2016-06-19 19:02:58,517 - dataPROC.StockDataProc - INFO - P2 wait!
2016-06-19 20:04:00,651 - dataPROC.StockDataProc - INFO - main join!
2016-06-19 20:04:06,164 - dataPROC.StockDataProc - INFO - TH0 start!
2016-06-19 20:04:06,165 - dataPROC.StockDataProc - INFO - TH0 start!
2016-06-19 20:04:06,165 - dataPROC.StockDataProc - INFO - TH0 getdata!itfiterparas
2016-06-19 20:04:06,167 - dataPROC.StockDataProc - INFO - TH0 getdata!itfiterparas
2016-06-19 20:04:06,170 - dataPROC.StockDataProc - INFO - P2 join!
2016-06-19 20:04:06,170 - dataPROC.StockDataProc - INFO - TH1 start!
2016-06-19 20:04:06,171 - dataPROC.StockDataProc - INFO - TH1 getdata!itfiterparas
2016-06-19 20:04:06,170 - dataPROC.StockDataProc - INFO - P0 join!
2016-06-19 20:04:06,170 - dataPROC.StockDataProc - INFO - TH1 start!
2016-06-19 20:04:06,173 - dataPROC.StockDataProc - INFO - TH1 getdata!itfiterparas
2016-06-19 20:04:06,696 - dataPROC.StockDataProc - INFO - TH0 start!
2016-06-19 20:04:06,697 - dataPROC.StockDataProc - INFO - TH0 getdata!itfiterparas
2016-06-19 20:04:06,709 - dataPROC.StockDataProc - INFO - TH1 start!
2016-06-19 20:04:06,709 - dataPROC.StockDataProc - INFO - TH1 wait!
2016-06-19 20:04:06,710 - dataPROC.StockDataProc - INFO - P3 join!
2016-06-19 20:04:10,910 - dataPROC.StockDataProc - INFO - P1 wait!
2016-06-19 20:09:15,496 - dataPROC.StockDataProc - INFO - main join!
2016-06-19 20:09:19,802 - dataPROC.StockDataProc - INFO - TH0 start!
2016-06-19 20:09:19,851 - dataPROC.StockDataProc - INFO - TH1 start!
2016-06-19 20:09:19,855 - dataPROC.StockDataProc - INFO - P0 join!
2016-06-19 20:09:19,857 - dataPROC.StockDataProc - INFO - TH0 getdata!itfiterparas
2016-06-19 20:09:19,878 - dataPROC.StockDataProc - INFO - TH1 getdata!itfiterparas
2016-06-19 20:09:19,884 - dataPROC.StockDataProc - INFO - multi start
2016-06-19 20:09:19,887 - dataPROC.StockDataProc - INFO - multi start
2016-06-19 20:09:20,010 - dataPROC.StockDataProc - INFO - TH0 start!
2016-06-19 20:09:20,009 - dataPROC.StockDataProc - INFO - TH0 start!
2016-06-19 20:09:20,035 - dataPROC.StockDataProc - INFO - TH0 wait!
2016-06-19 20:09:20,055 - dataPROC.StockDataProc - INFO - TH1 start!
2016-06-19 20:09:20,059 - dataPROC.StockDataProc - INFO - TH1 start!
2016-06-19 20:09:20,713 - dataPROC.StockDataProc - INFO - TH0 start!
2016-06-19 20:09:20,713 - dataPROC.StockDataProc - INFO - P3 join!
2016-06-19 20:09:20,713 - dataPROC.StockDataProc - INFO - TH1 start!
2016-06-19 20:09:20,713 - dataPROC.StockDataProc - INFO - TH0 getdata!itfiterparas
2016-06-19 20:09:20,714 - dataPROC.StockDataProc - INFO - TH1 getdata!itfiterparas
2016-06-19 20:09:20,714 - dataPROC.StockDataProc - INFO - multi start
2016-06-19 20:09:20,716 - dataPROC.StockDataProc - INFO - multi start
2016-06-19 20:09:20,723 - dataPROC.StockDataProc - INFO - TH0 start!
2016-06-19 20:09:20,724 - dataPROC.StockDataProc - INFO - P2 join!
2016-06-19 20:09:20,724 - dataPROC.StockDataProc - INFO - TH1 start!
2016-06-19 20:09:20,724 - dataPROC.StockDataProc - INFO - TH0 start!
2016-06-19 20:09:20,724 - dataPROC.StockDataProc - INFO - TH0 getdata!itfiterparas
2016-06-19 20:09:20,724 - dataPROC.StockDataProc - INFO - TH0 start!
2016-06-19 20:09:20,726 - dataPROC.StockDataProc - INFO - multi start
2016-06-19 20:09:20,726 - dataPROC.StockDataProc - INFO - TH1 start!
2016-06-19 20:09:20,726 - dataPROC.StockDataProc - INFO - TH0 wait!
2016-06-19 20:09:20,726 - dataPROC.StockDataProc - INFO - TH1 start!
2016-06-19 20:09:20,726 - dataPROC.StockDataProc - INFO - TH0 wait!
2016-06-19 20:09:20,733 - dataPROC.StockDataProc - INFO - TH0 start!
2016-06-19 20:09:20,733 - dataPROC.StockDataProc - INFO - TH0 wait!
2016-06-19 20:09:20,733 - dataPROC.StockDataProc - INFO - TH1 start!
2016-06-19 20:09:20,844 - dataPROC.StockDataProc - INFO - P1 wait!
2016-06-19 20:13:06,039 - dataPROC.StockDataProc - INFO - main join!
2016-06-19 20:13:09,619 - dataPROC.StockDataProc - INFO - TH0 start!
2016-06-19 20:13:09,621 - dataPROC.StockDataProc - INFO - TH0 getdata!
2016-06-19 20:13:09,624 - dataPROC.StockDataProc - INFO - TH1 start!
2016-06-19 20:13:09,624 - dataPROC.StockDataProc - INFO - TH1 getdata!
2016-06-19 20:13:09,625 - dataPROC.StockDataProc - INFO - TH0 start!
2016-06-19 20:13:09,625 - dataPROC.StockDataProc - INFO - TH0 getdata!
2016-06-19 20:13:09,628 - dataPROC.StockDataProc - INFO - P1 join!
2016-06-19 20:13:09,628 - dataPROC.StockDataProc - INFO - P0 join!
2016-06-19 20:13:09,628 - dataPROC.StockDataProc - INFO - TH1 start!
2016-06-19 20:13:09,628 - dataPROC.StockDataProc - INFO - TH1 getdata!
2016-06-19 20:13:09,655 - dataPROC.StockDataProc - INFO - multi start
2016-06-19 20:13:09,661 - dataPROC.StockDataProc - INFO - multi start
2016-06-19 20:13:09,667 - dataPROC.StockDataProc - INFO - TH0 start!
2016-06-19 20:13:09,667 - dataPROC.StockDataProc - INFO - TH0 start!
2016-06-19 20:13:09,667 - dataPROC.StockDataProc - INFO - TH1 start!
2016-06-19 20:13:09,667 - dataPROC.StockDataProc - INFO - TH0 wait!
2016-06-19 20:13:09,667 - dataPROC.StockDataProc - INFO - multi start
2016-06-19 20:13:09,668 - dataPROC.StockDataProc - INFO - TH0 wait!
2016-06-19 20:13:09,673 - dataPROC.StockDataProc - INFO - multi start
2016-06-19 20:13:09,676 - dataPROC.StockDataProc - INFO - TH0 start!
2016-06-19 20:13:09,676 - dataPROC.StockDataProc - INFO - TH0 wait!
2016-06-19 20:13:09,671 - dataPROC.StockDataProc - INFO - TH0 start!
2016-06-19 20:13:09,680 - dataPROC.StockDataProc - INFO - TH0 wait!
2016-06-19 20:13:09,680 - dataPROC.StockDataProc - INFO - TH1 start!
2016-06-19 20:13:09,680 - dataPROC.StockDataProc - INFO - TH1 wait!
2016-06-19 20:13:09,683 - dataPROC.StockDataProc - INFO - TH1 start!
2016-06-19 20:13:09,694 - dataPROC.StockDataProc - INFO - TH0 getdata!
2016-06-19 20:13:09,697 - dataPROC.StockDataProc - INFO - TH1 getdata!
2016-06-19 20:13:09,697 - dataPROC.StockDataProc - INFO - TH0 getdata!
2016-06-19 20:13:09,700 - dataPROC.StockDataProc - INFO - TH1 start!
2016-06-19 20:13:09,704 - dataPROC.StockDataProc - INFO - TH1 getdata!
2016-06-19 20:13:09,704 - dataPROC.StockDataProc - INFO - TH1 getdata!
2016-06-19 20:13:09,707 - dataPROC.StockDataProc - INFO - TH0 getdata!
2016-06-19 20:13:09,704 - dataPROC.StockDataProc - INFO - TH0 getdata!
2016-06-19 20:13:10,013 - dataPROC.StockDataProc - INFO - TH0 start!
2016-06-19 20:13:10,013 - dataPROC.StockDataProc - INFO - P2 join!
2016-06-19 20:13:10,013 - dataPROC.StockDataProc - INFO - TH1 start!
2016-06-19 20:13:10,013 - dataPROC.StockDataProc - INFO - TH0 getdata!
2016-06-19 20:13:10,015 - dataPROC.StockDataProc - INFO - TH1 wait!
2016-06-19 20:13:10,019 - dataPROC.StockDataProc - INFO - multi start
2016-06-19 20:13:10,028 - dataPROC.StockDataProc - INFO - TH0 start!
2016-06-19 20:13:10,029 - dataPROC.StockDataProc - INFO - TH0 wait!
2016-06-19 20:13:10,030 - dataPROC.StockDataProc - INFO - TH1 start!
2016-06-19 20:13:10,046 - dataPROC.StockDataProc - INFO - TH1 getdata!
2016-06-19 20:13:10,046 - dataPROC.StockDataProc - INFO - TH0 getdata!
2016-06-19 20:13:10,703 - dataPROC.StockDataProc - INFO - P3 wait!
2016-06-19 20:28:57,780 - dataPROC.StockDataProc - INFO - main join!
2016-06-19 20:29:02,825 - dataPROC.StockDataProc - INFO - TH0 start!
2016-06-19 20:29:02,825 - dataPROC.StockDataProc - INFO - TH0 getdata!
2016-06-19 20:29:02,848 - dataPROC.StockDataProc - INFO - P0 join!
2016-06-19 20:29:02,848 - dataPROC.StockDataProc - INFO - TH1 start!
2016-06-19 20:29:02,848 - dataPROC.StockDataProc - INFO - TH1 getdata!
2016-06-19 20:29:02,858 - dataPROC.StockDataProc - INFO - multi start
2016-06-19 20:29:02,867 - dataPROC.StockDataProc - INFO - TH0 start!
2016-06-19 20:29:02,868 - dataPROC.StockDataProc - INFO - TH0 wait!
2016-06-19 20:29:02,868 - dataPROC.StockDataProc - INFO - TH1 start!
2016-06-19 20:29:02,869 - dataPROC.StockDataProc - INFO - TH1 wait!
2016-06-19 20:29:02,878 - dataPROC.StockDataProc - INFO - TH0 getdata!
2016-06-19 20:29:02,895 - dataPROC.StockDataProc - INFO - multi start
2016-06-19 20:29:02,900 - dataPROC.StockDataProc - INFO - TH0 start!
2016-06-19 20:29:02,901 - dataPROC.StockDataProc - INFO - TH0 wait!
2016-06-19 20:29:02,907 - dataPROC.StockDataProc - INFO - TH1 start!
2016-06-19 20:29:02,907 - dataPROC.StockDataProc - INFO - TH1 wait!
2016-06-19 20:29:02,911 - dataPROC.StockDataProc - INFO - TH0 getdata!
2016-06-19 20:29:03,463 - dataPROC.StockDataProc - INFO - TH0 start!
2016-06-19 20:29:03,463 - dataPROC.StockDataProc - INFO - TH0 getdata!
2016-06-19 20:29:03,464 - dataPROC.StockDataProc - INFO - P1 join!
2016-06-19 20:29:03,464 - dataPROC.StockDataProc - INFO - TH1 start!
2016-06-19 20:29:03,469 - dataPROC.StockDataProc - INFO - TH1 getdata!
2016-06-19 20:29:03,516 - dataPROC.StockDataProc - INFO - multi start
2016-06-19 20:29:03,523 - dataPROC.StockDataProc - INFO - TH0 start!
2016-06-19 20:29:03,523 - dataPROC.StockDataProc - INFO - TH0 wait!
2016-06-19 20:29:03,533 - dataPROC.StockDataProc - INFO - TH1 start!
2016-06-19 20:29:03,535 - dataPROC.StockDataProc - INFO - TH1 wait!
2016-06-19 20:29:03,555 - dataPROC.StockDataProc - INFO - TH0 start!
2016-06-19 20:29:03,555 - dataPROC.StockDataProc - INFO - TH0 getdata!
2016-06-19 20:29:03,545 - dataPROC.StockDataProc - INFO - multi start
2016-06-19 20:29:03,559 - dataPROC.StockDataProc - INFO - TH0 getdata!
2016-06-19 20:29:03,562 - dataPROC.StockDataProc - INFO - TH1 start!
2016-06-19 20:29:03,562 - dataPROC.StockDataProc - INFO - TH1 wait!
2016-06-19 20:29:03,563 - dataPROC.StockDataProc - INFO - TH0 writedata!
2016-06-19 20:29:03,563 - dataPROC.StockDataProc - INFO - P2 join!
2016-06-19 20:29:03,565 - dataPROC.StockDataProc - INFO - TH0 start!
2016-06-19 20:29:03,566 - dataPROC.StockDataProc - INFO - TH0 getdata!
2016-06-19 20:29:03,568 - dataPROC.StockDataProc - INFO - TH0 start!
2016-06-19 20:29:03,569 - dataPROC.StockDataProc - INFO - TH0 wait!
2016-06-19 20:29:03,569 - dataPROC.StockDataProc - INFO - TH1 start!
2016-06-19 20:29:03,569 - dataPROC.StockDataProc - INFO - TH1 wait!
2016-06-19 20:29:03,575 - dataPROC.StockDataProc - INFO - TH0 getdata!
2016-06-19 20:29:03,578 - dataPROC.StockDataProc - INFO - multi start
2016-06-19 20:29:03,586 - dataPROC.StockDataProc - INFO - TH0 start!
2016-06-19 20:29:03,586 - dataPROC.StockDataProc - INFO - TH0 wait!
2016-06-19 20:29:03,588 - dataPROC.StockDataProc - INFO - TH1 start!
2016-06-19 20:29:03,592 - dataPROC.StockDataProc - INFO - TH1 getdata!
2016-06-19 20:29:03,592 - dataPROC.StockDataProc - INFO - TH0 getdata!
2016-06-19 20:29:03,957 - dataPROC.StockDataProc - INFO - TH0 writedata!
2016-06-19 20:29:03,976 - dataPROC.StockDataProc - INFO - TH0 start!
2016-06-19 20:29:03,977 - dataPROC.StockDataProc - INFO - TH0 getdata!
2016-06-19 20:29:03,990 - dataPROC.StockDataProc - INFO - P3 wait!
2016-06-19 20:29:04,171 - dataPROC.StockDataProc - INFO - TH0 writedata!
2016-06-19 20:29:04,173 - dataPROC.StockDataProc - INFO - TH0 start!
2016-06-19 20:29:04,174 - dataPROC.StockDataProc - INFO - TH0 wait!
2016-06-19 20:29:04,183 - dataPROC.StockDataProc - INFO - TH1 writedata!
2016-06-19 20:29:04,200 - dataPROC.StockDataProc - INFO - TH1 start!
2016-06-19 20:29:04,200 - dataPROC.StockDataProc - INFO - TH1 wait!
2016-06-19 20:29:04,204 - dataPROC.StockDataProc - INFO - TH0 writedata!
2016-06-19 20:29:04,206 - dataPROC.StockDataProc - INFO - TH0 start!
2016-06-19 20:29:04,206 - dataPROC.StockDataProc - INFO - TH0 wait!
2016-06-19 20:29:04,470 - dataPROC.StockDataProc - INFO - TH0 writedata!
2016-06-19 20:29:04,471 - dataPROC.StockDataProc - INFO - TH0 start!
2016-06-19 20:29:04,473 - dataPROC.StockDataProc - INFO - TH0 wait!
2016-06-19 20:29:04,486 - dataPROC.StockDataProc - INFO - TH1 writedata!
2016-06-19 20:29:04,487 - dataPROC.StockDataProc - INFO - TH1 start!
2016-06-19 20:29:04,489 - dataPROC.StockDataProc - INFO - TH1 wait!
2016-06-19 20:29:04,877 - dataPROC.StockDataProc - INFO - TH1 writedata!
2016-06-19 20:29:04,878 - dataPROC.StockDataProc - INFO - TH1 start!
2016-06-19 20:29:04,880 - dataPROC.StockDataProc - INFO - TH1 wait!
2016-06-19 20:29:04,884 - dataPROC.StockDataProc - INFO - TH0 writedata!
2016-06-19 20:29:04,884 - dataPROC.StockDataProc - INFO - TH0 start!
2016-06-19 20:29:04,885 - dataPROC.StockDataProc - INFO - TH0 wait!
2016-06-19 20:29:05,098 - dataPROC.StockDataProc - INFO - TH0 writedata!
2016-06-19 20:29:05,099 - dataPROC.StockDataProc - INFO - TH0 start!
2016-06-19 20:29:05,101 - dataPROC.StockDataProc - INFO - TH0 getdata!
2016-06-19 20:29:05,203 - dataPROC.StockDataProc - INFO - TH0 writedata!
2016-06-19 20:29:05,224 - dataPROC.StockDataProc - INFO - TH0 start!
2016-06-19 20:29:05,226 - dataPROC.StockDataProc - INFO - TH0 getdata!
2016-06-19 20:29:05,420 - dataPROC.StockDataProc - INFO - TH0 writedata!
2016-06-19 20:29:05,421 - dataPROC.StockDataProc - INFO - TH0 start!
2016-06-19 20:29:05,421 - dataPROC.StockDataProc - INFO - TH0 wait!
2016-06-19 20:29:05,427 - dataPROC.StockDataProc - INFO - TH0 writedata!
2016-06-19 20:29:05,427 - dataPROC.StockDataProc - INFO - TH0 start!
2016-06-19 20:29:05,428 - dataPROC.StockDataProc - INFO - TH0 wait!
2016-06-19 20:29:05,489 - dataPROC.StockDataProc - INFO - TH0 writedata!
2016-06-19 20:29:05,490 - dataPROC.StockDataProc - INFO - TH0 start!
2016-06-19 20:29:05,490 - dataPROC.StockDataProc - INFO - TH0 wait!
2016-06-19 20:29:05,496 - dataPROC.StockDataProc - INFO - TH0 writedata!
2016-06-19 20:29:05,506 - dataPROC.StockDataProc - INFO - TH0 start!
2016-06-19 20:29:05,506 - dataPROC.StockDataProc - INFO - TH0 wait!
2016-06-19 20:29:05,507 - dataPROC.StockDataProc - INFO - P1 end!
2016-06-19 20:29:05,507 - dataPROC.StockDataProc - INFO - P0 end!
2016-06-19 20:29:05,509 - dataPROC.StockDataProc - INFO - main end!
2016-06-19 20:29:05,509 - dataPROC.StockDataProc - INFO - P2 end!
2016-06-19 20:37:08,088 - dataPROC.StockDataProc - INFO - main join!
2016-06-19 20:37:12,460 - dataPROC.StockDataProc - INFO - TH0 start!
2016-06-19 20:37:12,460 - dataPROC.StockDataProc - INFO - TH0 getdata!
2016-06-19 20:37:12,460 - dataPROC.StockDataProc - INFO - multi start
2016-06-19 20:37:12,469 - dataPROC.StockDataProc - INFO - TH0 start!
2016-06-19 20:37:12,470 - dataPROC.StockDataProc - INFO - TH0 getdata!
2016-06-19 20:37:12,470 - dataPROC.StockDataProc - INFO - TH0 start!
2016-06-19 20:37:12,470 - dataPROC.StockDataProc - INFO - multi start
2016-06-19 20:37:12,471 - dataPROC.StockDataProc - INFO - P3 join!
2016-06-19 20:37:12,471 - dataPROC.StockDataProc - INFO - TH1 start!
2016-06-19 20:37:12,471 - dataPROC.StockDataProc - INFO - TH0 getdata!
2016-06-19 20:37:12,471 - dataPROC.StockDataProc - INFO - TH1 getdata!
2016-06-19 20:37:12,473 - dataPROC.StockDataProc - INFO - multi start
2016-06-19 20:37:12,473 - dataPROC.StockDataProc - INFO - multi start
2016-06-19 20:37:12,470 - dataPROC.StockDataProc - INFO - TH1 start!
2016-06-19 20:37:12,476 - dataPROC.StockDataProc - INFO - TH0 start!
2016-06-19 20:37:12,471 - dataPROC.StockDataProc - INFO - P0 join!
2016-06-19 20:37:12,476 - dataPROC.StockDataProc - INFO - TH1 start!
2016-06-19 20:37:12,477 - dataPROC.StockDataProc - INFO - TH1 getdata!
2016-06-19 20:37:12,476 - dataPROC.StockDataProc - INFO - P1 join!
2016-06-19 20:37:12,479 - dataPROC.StockDataProc - INFO - multi start
2016-06-19 20:37:12,477 - dataPROC.StockDataProc - INFO - TH0 wait!
2016-06-19 20:37:12,477 - dataPROC.StockDataProc - INFO - TH1 start!
2016-06-19 20:37:12,479 - dataPROC.StockDataProc - INFO - TH1 wait!
2016-06-19 20:37:12,480 - dataPROC.StockDataProc - INFO - TH1 getdata!
2016-06-19 20:37:12,482 - dataPROC.StockDataProc - INFO - TH0 getdata!
2016-06-19 20:37:12,483 - dataPROC.StockDataProc - INFO - TH0 start!
2016-06-19 20:37:12,487 - dataPROC.StockDataProc - INFO - TH0 wait!
2016-06-19 20:37:12,480 - dataPROC.StockDataProc - INFO - TH0 start!
2016-06-19 20:37:12,489 - dataPROC.StockDataProc - INFO - TH0 start!
2016-06-19 20:37:12,490 - dataPROC.StockDataProc - INFO - TH0 wait!
2016-06-19 20:37:12,493 - dataPROC.StockDataProc - INFO - TH1 start!
2016-06-19 20:37:12,499 - dataPROC.StockDataProc - INFO - TH0 start!
2016-06-19 20:37:12,500 - dataPROC.StockDataProc - INFO - P2 wait!
2016-06-19 20:37:12,490 - dataPROC.StockDataProc - INFO - TH1 start!
2016-06-19 20:37:12,500 - dataPROC.StockDataProc - INFO - TH0 wait!
2016-06-19 20:37:12,500 - dataPROC.StockDataProc - INFO - TH0 wait!
2016-06-19 20:37:12,500 - dataPROC.StockDataProc - INFO - TH1 start!
2016-06-19 20:37:12,503 - dataPROC.StockDataProc - INFO - TH1 start!
2016-06-19 20:37:12,503 - dataPROC.StockDataProc - INFO - TH1 getdata!
2016-06-19 20:37:12,503 - dataPROC.StockDataProc - INFO - TH0 getdata!
2016-06-19 20:37:12,505 - dataPROC.StockDataProc - INFO - TH1 getdata!
2016-06-19 20:37:12,505 - dataPROC.StockDataProc - INFO - TH0 getdata!
2016-06-19 20:37:12,506 - dataPROC.StockDataProc - INFO - TH1 getdata!
2016-06-19 20:37:12,506 - dataPROC.StockDataProc - INFO - TH0 getdata!
2016-06-19 20:37:12,506 - dataPROC.StockDataProc - INFO - TH1 getdata!
2016-06-19 20:37:12,506 - dataPROC.StockDataProc - INFO - TH0 getdata!
2016-06-19 20:37:13,131 - dataPROC.StockDataProc - INFO - TH1 writedata!
2016-06-19 20:37:13,144 - dataPROC.StockDataProc - INFO - TH1 start!
2016-06-19 20:37:13,145 - dataPROC.StockDataProc - INFO - TH1 wait!
2016-06-19 20:37:13,173 - dataPROC.StockDataProc - INFO - TH0 writedata!
2016-06-19 20:37:13,174 - dataPROC.StockDataProc - INFO - TH0 start!
2016-06-19 20:37:13,174 - dataPROC.StockDataProc - INFO - TH0 wait!
2016-06-19 20:37:13,207 - dataPROC.StockDataProc - INFO - TH0 writedata!
2016-06-19 20:37:13,210 - dataPROC.StockDataProc - INFO - TH0 start!
2016-06-19 20:37:13,210 - dataPROC.StockDataProc - INFO - TH0 wait!
2016-06-19 20:37:13,246 - dataPROC.StockDataProc - INFO - TH1 writedata!
2016-06-19 20:37:13,250 - dataPROC.StockDataProc - INFO - TH1 start!
2016-06-19 20:37:13,253 - dataPROC.StockDataProc - INFO - TH1 wait!
2016-06-19 20:37:13,311 - dataPROC.StockDataProc - INFO - TH0 writedata!
2016-06-19 20:37:13,322 - dataPROC.StockDataProc - INFO - TH0 start!
2016-06-19 20:37:13,325 - dataPROC.StockDataProc - INFO - TH0 wait!
2016-06-19 20:37:13,403 - dataPROC.StockDataProc - INFO - TH0 writedata!
2016-06-19 20:37:13,423 - dataPROC.StockDataProc - INFO - TH0 start!
2016-06-19 20:37:13,424 - dataPROC.StockDataProc - INFO - TH0 wait!
2016-06-19 20:37:13,447 - dataPROC.StockDataProc - INFO - TH0 writedata!
2016-06-19 20:37:13,456 - dataPROC.StockDataProc - INFO - TH0 start!
2016-06-19 20:37:13,459 - dataPROC.StockDataProc - INFO - TH0 wait!
2016-06-19 20:37:13,470 - dataPROC.StockDataProc - INFO - TH0 writedata!
2016-06-19 20:37:13,473 - dataPROC.StockDataProc - INFO - TH0 start!
2016-06-19 20:37:13,474 - dataPROC.StockDataProc - INFO - TH0 wait!
2016-06-19 20:37:13,509 - dataPROC.StockDataProc - INFO - TH1 writedata!
2016-06-19 20:37:13,512 - dataPROC.StockDataProc - INFO - TH1 start!
2016-06-19 20:37:13,513 - dataPROC.StockDataProc - INFO - TH1 wait!
2016-06-19 20:37:14,125 - dataPROC.StockDataProc - INFO - TH1 writedata!
2016-06-19 20:37:14,125 - dataPROC.StockDataProc - INFO - TH1 start!
2016-06-19 20:37:14,128 - dataPROC.StockDataProc - INFO - TH1 wait!
2016-06-19 20:37:14,184 - dataPROC.StockDataProc - INFO - TH0 writedata!
2016-06-19 20:37:14,186 - dataPROC.StockDataProc - INFO - TH0 start!
2016-06-19 20:37:14,187 - dataPROC.StockDataProc - INFO - TH0 wait!
2016-06-19 20:37:14,296 - dataPROC.StockDataProc - INFO - TH1 writedata!
2016-06-19 20:37:14,309 - dataPROC.StockDataProc - INFO - TH1 start!
2016-06-19 20:37:14,309 - dataPROC.StockDataProc - INFO - TH1 wait!
2016-06-19 20:37:14,329 - dataPROC.StockDataProc - INFO - TH1 writedata!
2016-06-19 20:37:14,329 - dataPROC.StockDataProc - INFO - TH1 start!
2016-06-19 20:37:14,331 - dataPROC.StockDataProc - INFO - TH1 wait!
2016-06-19 20:37:15,059 - dataPROC.StockDataProc - INFO - TH1 writedata!
2016-06-19 20:37:15,062 - dataPROC.StockDataProc - INFO - TH1 start!
2016-06-19 20:37:15,062 - dataPROC.StockDataProc - INFO - TH1 wait!
2016-06-19 20:37:15,079 - dataPROC.StockDataProc - INFO - TH0 writedata!
2016-06-19 20:37:15,082 - dataPROC.StockDataProc - INFO - P0 end!
2016-06-19 20:37:15,082 - dataPROC.StockDataProc - INFO - main end!
2016-06-19 20:37:15,082 - dataPROC.StockDataProc - INFO - TH0 start!
2016-06-19 20:37:15,082 - dataPROC.StockDataProc - INFO - P3 end!
2016-06-19 20:44:12,790 - dataPROC.StockDataProc - INFO - main join!
2016-06-19 20:44:18,299 - dataPROC.StockDataProc - INFO - TH0 start!
2016-06-19 20:44:18,299 - dataPROC.StockDataProc - INFO - TH0 getdata!
2016-06-19 20:44:18,299 - dataPROC.StockDataProc - INFO - multi start
2016-06-19 20:44:18,329 - dataPROC.StockDataProc - INFO - TH0 start!
2016-06-19 20:44:18,331 - dataPROC.StockDataProc - INFO - TH0 getdata!
2016-06-19 20:44:18,331 - dataPROC.StockDataProc - INFO - multi start
2016-06-19 20:44:18,332 - dataPROC.StockDataProc - INFO - TH0 start!
2016-06-19 20:44:18,332 - dataPROC.StockDataProc - INFO - TH0 wait!
2016-06-19 20:44:18,335 - dataPROC.StockDataProc - INFO - TH1 start!
2016-06-19 20:44:18,335 - dataPROC.StockDataProc - INFO - TH1 getdata!
2016-06-19 20:44:18,335 - dataPROC.StockDataProc - INFO - multi start
2016-06-19 20:44:18,338 - dataPROC.StockDataProc - INFO - TH0 start!
2016-06-19 20:44:18,338 - dataPROC.StockDataProc - INFO - TH0 wait!
2016-06-19 20:44:18,339 - dataPROC.StockDataProc - INFO - TH1 start!
2016-06-19 20:44:18,341 - dataPROC.StockDataProc - INFO - TH1 getdata!
2016-06-19 20:44:18,342 - dataPROC.StockDataProc - INFO - TH0 getdata!
2016-06-19 20:44:18,338 - dataPROC.StockDataProc - INFO - TH0 start!
2016-06-19 20:44:18,339 - dataPROC.StockDataProc - INFO - P0 join!
2016-06-19 20:44:18,345 - dataPROC.StockDataProc - INFO - TH0 wait!
2016-06-19 20:44:18,346 - dataPROC.StockDataProc - INFO - TH1 start!
2016-06-19 20:44:18,348 - dataPROC.StockDataProc - INFO - TH0 start!
2016-06-19 20:44:18,349 - dataPROC.StockDataProc - INFO - TH1 start!
2016-06-19 20:44:18,351 - dataPROC.StockDataProc - INFO - P2 join!
2016-06-19 20:44:18,351 - dataPROC.StockDataProc - INFO - TH1 start!
2016-06-19 20:44:18,351 - dataPROC.StockDataProc - INFO - TH0 getdata!
2016-06-19 20:44:18,354 - dataPROC.StockDataProc - INFO - TH1 getdata!
2016-06-19 20:44:18,355 - dataPROC.StockDataProc - INFO - TH1 getdata!
2016-06-19 20:44:18,355 - dataPROC.StockDataProc - INFO - multi start
2016-06-19 20:44:18,355 - dataPROC.StockDataProc - INFO - TH0 getdata!
2016-06-19 20:44:18,355 - dataPROC.StockDataProc - INFO - multi start
2016-06-19 20:44:18,358 - dataPROC.StockDataProc - INFO - P1 join!
2016-06-19 20:44:18,359 - dataPROC.StockDataProc - INFO - TH1 start!
2016-06-19 20:44:18,365 - dataPROC.StockDataProc - INFO - TH1 getdata!
2016-06-19 20:44:18,368 - dataPROC.StockDataProc - INFO - TH0 start!
2016-06-19 20:44:18,368 - dataPROC.StockDataProc - INFO - TH0 wait!
2016-06-19 20:44:18,374 - dataPROC.StockDataProc - INFO - TH0 start!
2016-06-19 20:44:18,374 - dataPROC.StockDataProc - INFO - TH0 wait!
2016-06-19 20:44:18,375 - dataPROC.StockDataProc - INFO - TH1 start!
2016-06-19 20:44:18,377 - dataPROC.StockDataProc - INFO - TH1 wait!
2016-06-19 20:44:18,364 - dataPROC.StockDataProc - INFO - TH1 wait!
2016-06-19 20:44:18,381 - dataPROC.StockDataProc - INFO - TH0 getdata!
2016-06-19 20:44:18,384 - dataPROC.StockDataProc - INFO - TH1 start!
2016-06-19 20:44:18,387 - dataPROC.StockDataProc - INFO - TH0 getdata!
2016-06-19 20:44:18,390 - dataPROC.StockDataProc - INFO - TH1 getdata!
2016-06-19 20:44:18,391 - dataPROC.StockDataProc - INFO - TH0 getdata!
2016-06-19 20:44:18,734 - dataPROC.StockDataProc - INFO - P3 wait!
2016-06-19 20:44:18,801 - dataPROC.StockDataProc - INFO - TH1 writedata!
2016-06-19 20:44:18,802 - dataPROC.StockDataProc - INFO - TH1 start!
2016-06-19 20:44:18,802 - dataPROC.StockDataProc - INFO - TH1 wait!
2016-06-19 20:44:18,993 - dataPROC.StockDataProc - INFO - TH0 writedata!
2016-06-19 20:44:18,994 - dataPROC.StockDataProc - INFO - TH0 start!
2016-06-19 20:44:18,996 - dataPROC.StockDataProc - INFO - TH0 wait!
2016-06-19 20:44:19,023 - dataPROC.StockDataProc - INFO - TH0 writedata!
2016-06-19 20:44:19,025 - dataPROC.StockDataProc - INFO - TH0 start!
2016-06-19 20:44:19,026 - dataPROC.StockDataProc - INFO - TH0 wait!
2016-06-19 20:44:19,043 - dataPROC.StockDataProc - INFO - TH0 writedata!
2016-06-19 20:44:19,046 - dataPROC.StockDataProc - INFO - TH0 start!
2016-06-19 20:44:19,049 - dataPROC.StockDataProc - INFO - TH0 getdata!
2016-06-19 20:44:19,144 - dataPROC.StockDataProc - INFO - TH0 writedata!
2016-06-19 20:44:19,168 - dataPROC.StockDataProc - INFO - TH0 start!
2016-06-19 20:44:19,171 - dataPROC.StockDataProc - INFO - TH0 wait!
2016-06-19 20:44:19,434 - dataPROC.StockDataProc - INFO - TH0 writedata!
2016-06-19 20:44:19,437 - dataPROC.StockDataProc - INFO - TH0 writedata!
2016-06-19 20:44:19,437 - dataPROC.StockDataProc - INFO - TH0 start!
2016-06-19 20:44:19,440 - dataPROC.StockDataProc - INFO - TH0 wait!
2016-06-19 20:44:19,440 - dataPROC.StockDataProc - INFO - TH0 start!
2016-06-19 20:44:19,441 - dataPROC.StockDataProc - INFO - TH0 wait!
2016-06-19 20:44:19,743 - dataPROC.StockDataProc - INFO - TH1 writedata!
2016-06-19 20:44:19,744 - dataPROC.StockDataProc - INFO - TH1 start!
2016-06-19 20:44:19,746 - dataPROC.StockDataProc - INFO - TH1 wait!
2016-06-19 20:44:19,763 - dataPROC.StockDataProc - INFO - TH1 writedata!
2016-06-19 20:44:19,766 - dataPROC.StockDataProc - INFO - TH1 start!
2016-06-19 20:44:19,766 - dataPROC.StockDataProc - INFO - TH1 wait!
2016-06-19 20:44:20,404 - dataPROC.StockDataProc - INFO - TH1 writedata!
2016-06-19 20:44:20,405 - dataPROC.StockDataProc - INFO - TH1 start!
2016-06-19 20:44:20,407 - dataPROC.StockDataProc - INFO - TH1 wait!
2016-06-19 20:44:20,423 - dataPROC.StockDataProc - INFO - TH1 writedata!
2016-06-19 20:44:20,427 - dataPROC.StockDataProc - INFO - TH1 start!
2016-06-19 20:44:20,427 - dataPROC.StockDataProc - INFO - TH1 wait!
2016-06-19 20:44:20,903 - dataPROC.StockDataProc - INFO - TH0 writedata!
2016-06-19 20:44:20,904 - dataPROC.StockDataProc - INFO - TH0 start!
2016-06-19 20:44:20,904 - dataPROC.StockDataProc - INFO - TH0 wait!
2016-06-19 20:44:20,923 - dataPROC.StockDataProc - INFO - TH0 writedata!
2016-06-19 20:44:20,923 - dataPROC.StockDataProc - INFO - TH0 start!
2016-06-19 20:44:20,924 - dataPROC.StockDataProc - INFO - TH0 wait!
2016-06-19 20:44:21,263 - dataPROC.StockDataProc - INFO - TH1 writedata!
2016-06-19 20:44:21,263 - dataPROC.StockDataProc - INFO - TH1 start!
2016-06-19 20:44:21,265 - dataPROC.StockDataProc - INFO - TH1 wait!
2016-06-19 20:44:21,279 - dataPROC.StockDataProc - INFO - TH0 writedata!
2016-06-19 20:44:21,279 - dataPROC.StockDataProc - INFO - main end!
2016-06-19 20:44:21,279 - dataPROC.StockDataProc - INFO - P2 end!
2016-06-19 20:44:21,280 - dataPROC.StockDataProc - INFO - P1 end!
2016-06-19 20:44:21,279 - dataPROC.StockDataProc - INFO - TH0 start!
2016-06-19 20:44:21,280 - dataPROC.StockDataProc - INFO - P0 end!
2016-06-19 20:44:21,301 - dataPROC.StockDataProc - INFO - TH0 wait!
2016-06-19 21:53:09,322 - dataPROC.StockDataProc - INFO - main join!
2016-06-19 21:53:14,927 - dataPROC.StockDataProc - INFO - TH0 start!
2016-06-19 21:53:14,934 - dataPROC.StockDataProc - INFO - TH0 getdata!
2016-06-19 21:53:14,936 - dataPROC.StockDataProc - INFO - TH1 start!
2016-06-19 21:53:14,936 - dataPROC.StockDataProc - INFO - P1 join!
2016-06-19 21:53:14,936 - dataPROC.StockDataProc - INFO - multi start
2016-06-19 21:53:14,940 - dataPROC.StockDataProc - INFO - TH1 getdata!
2016-06-19 21:53:14,944 - dataPROC.StockDataProc - INFO - multi start
2016-06-19 21:53:15,829 - dataPROC.StockDataProc - INFO - TH0 start!
2016-06-19 21:53:15,829 - dataPROC.StockDataProc - INFO - TH0 getdata!
2016-06-19 21:53:15,831 - dataPROC.StockDataProc - INFO - TH1 start!
2016-06-19 21:53:15,832 - dataPROC.StockDataProc - INFO - P0 join!
2016-06-19 21:53:15,832 - dataPROC.StockDataProc - INFO - multi start
2016-06-19 21:53:15,832 - dataPROC.StockDataProc - INFO - TH1 getdata!
2016-06-19 21:53:15,834 - dataPROC.StockDataProc - INFO - multi start
2016-06-19 21:53:15,849 - dataPROC.StockDataProc - INFO - TH0 start!
2016-06-19 21:53:15,851 - dataPROC.StockDataProc - INFO - TH0 getdata!
2016-06-19 21:53:15,852 - dataPROC.StockDataProc - INFO - TH1 start!
2016-06-19 21:53:15,852 - dataPROC.StockDataProc - INFO - P3 join!
2016-06-19 21:53:15,854 - dataPROC.StockDataProc - INFO - multi start
2016-06-19 21:53:15,854 - dataPROC.StockDataProc - INFO - TH1 wait!
2016-06-19 21:53:16,055 - dataPROC.StockDataProc - INFO - P2 wait!
2016-06-19 22:04:08,795 - dataPROC.StockDataProc - INFO - main join!
2016-06-19 22:04:15,430 - dataPROC.StockDataProc - INFO - TH0 start!
2016-06-19 22:04:15,430 - dataPROC.StockDataProc - INFO - TH0 getdata!
2016-06-19 22:04:15,549 - dataPROC.StockDataProc - INFO - P2 join!
2016-06-19 22:04:15,549 - dataPROC.StockDataProc - INFO - TH1 start!
2016-06-19 22:04:15,549 - dataPROC.StockDataProc - INFO - TH1 getdata!
2016-06-19 22:04:15,747 - dataPROC.StockDataProc - INFO - TH0 start!
2016-06-19 22:04:15,749 - dataPROC.StockDataProc - INFO - TH0 getdata!
2016-06-19 22:04:15,773 - dataPROC.StockDataProc - INFO - TH1 start!
2016-06-19 22:04:15,775 - dataPROC.StockDataProc - INFO - TH1 getdata!
2016-06-19 22:04:15,785 - dataPROC.StockDataProc - INFO - P1 join!
2016-06-19 22:04:16,276 - dataPROC.StockDataProc - INFO - TH1 writedata!
2016-06-19 22:04:16,285 - dataPROC.StockDataProc - INFO - TH1 start!
2016-06-19 22:04:16,286 - dataPROC.StockDataProc - INFO - TH1 getdata!
2016-06-19 22:04:16,312 - dataPROC.StockDataProc - INFO - TH1 writedata!
2016-06-19 22:04:16,321 - dataPROC.StockDataProc - INFO - TH1 start!
2016-06-19 22:04:16,322 - dataPROC.StockDataProc - INFO - TH1 wait!
2016-06-19 22:04:16,503 - dataPROC.StockDataProc - INFO - P0 wait!
2016-06-19 22:04:17,200 - dataPROC.StockDataProc - INFO - P3 wait!
2016-06-19 22:04:17,693 - dataPROC.StockDataProc - INFO - TH0 writedata!
2016-06-19 22:04:17,694 - dataPROC.StockDataProc - INFO - TH0 start!
2016-06-19 22:04:17,694 - dataPROC.StockDataProc - INFO - TH0 wait!
2016-06-19 22:04:18,249 - dataPROC.StockDataProc - INFO - TH1 writedata!
2016-06-19 22:04:18,249 - dataPROC.StockDataProc - INFO - TH1 start!
2016-06-19 22:04:18,250 - dataPROC.StockDataProc - INFO - TH1 wait!
2016-06-19 22:04:19,404 - dataPROC.StockDataProc - INFO - TH0 writedata!
2016-06-19 22:04:19,405 - dataPROC.StockDataProc - INFO - P1 end!
2016-06-19 22:04:19,405 - dataPROC.StockDataProc - INFO - main end!
2016-06-19 22:04:19,405 - dataPROC.StockDataProc - INFO - TH0 start!
2016-06-19 22:04:19,413 - dataPROC.StockDataProc - INFO - P2 end!
2016-06-19 22:04:19,414 - dataPROC.StockDataProc - INFO - TH0 wait!
2016-06-19 22:25:40,114 - dataPROC.StockDataProc - INFO - main join!
2016-06-19 22:25:44,114 - dataPROC.StockDataProc - INFO - TH0 start!
2016-06-19 22:25:44,115 - dataPROC.StockDataProc - INFO - TH0 getdata!
2016-06-19 22:25:44,121 - dataPROC.StockDataProc - INFO - TH1 start!
2016-06-19 22:25:44,121 - dataPROC.StockDataProc - INFO - TH1 getdata!
2016-06-19 22:25:44,135 - dataPROC.StockDataProc - INFO - P1 join!
2016-06-19 22:25:44,605 - dataPROC.StockDataProc - INFO - TH1 writedata!
2016-06-19 22:25:44,607 - dataPROC.StockDataProc - INFO - TH1 start!
2016-06-19 22:25:44,608 - dataPROC.StockDataProc - INFO - TH1 getdata!
2016-06-19 22:25:44,888 - dataPROC.StockDataProc - INFO - TH0 start!
2016-06-19 22:25:44,888 - dataPROC.StockDataProc - INFO - TH0 getdata!
2016-06-19 22:25:44,891 - dataPROC.StockDataProc - INFO - TH1 start!
2016-06-19 22:25:44,891 - dataPROC.StockDataProc - INFO - P2 join!
2016-06-19 22:25:44,891 - dataPROC.StockDataProc - INFO - TH1 getdata!
2016-06-19 22:25:45,194 - dataPROC.StockDataProc - INFO - TH0 writedata!
2016-06-19 22:25:45,198 - dataPROC.StockDataProc - INFO - TH0 start!
2016-06-19 22:25:45,198 - dataPROC.StockDataProc - INFO - TH0 wait!
2016-06-19 22:25:45,809 - dataPROC.StockDataProc - INFO - P0 wait!
2016-06-19 22:25:46,053 - dataPROC.StockDataProc - INFO - TH0 writedata!
2016-06-19 22:25:46,055 - dataPROC.StockDataProc - INFO - TH0 start!
2016-06-19 22:25:46,062 - dataPROC.StockDataProc - INFO - TH0 wait!
2016-06-19 22:25:46,107 - dataPROC.StockDataProc - INFO - P3 wait!
2016-06-19 22:25:46,267 - dataPROC.StockDataProc - INFO - TH1 writedata!
2016-06-19 22:25:46,267 - dataPROC.StockDataProc - INFO - TH1 start!
2016-06-19 22:25:46,269 - dataPROC.StockDataProc - INFO - TH1 wait!
2016-06-19 22:25:46,303 - dataPROC.StockDataProc - INFO - TH1 writedata!
2016-06-19 22:25:46,306 - dataPROC.StockDataProc - INFO - TH1 start!
2016-06-19 22:25:46,306 - dataPROC.StockDataProc - INFO - TH1 wait!
2016-06-19 22:25:46,308 - dataPROC.StockDataProc - INFO - P1 end!
2016-06-19 22:25:46,309 - dataPROC.StockDataProc - INFO - main end!
2016-06-19 22:25:46,315 - dataPROC.StockDataProc - INFO - P2 end!
2016-06-19 22:30:29,056 - dataPROC.StockDataProc - INFO - main join!
2016-06-19 22:30:35,447 - dataPROC.StockDataProc - INFO - TH0 start!
2016-06-19 22:30:35,450 - dataPROC.StockDataProc - INFO - TH0 getdata!
2016-06-19 22:30:35,450 - dataPROC.StockDataProc - INFO - multi start
2016-06-19 22:30:35,466 - dataPROC.StockDataProc - INFO - TH1 start!
2016-06-19 22:30:35,466 - dataPROC.StockDataProc - INFO - P3 join!
2016-06-19 22:30:35,471 - dataPROC.StockDataProc - INFO - TH1 getdata!
2016-06-19 22:30:35,512 - dataPROC.StockDataProc - INFO - multi start
2016-06-19 22:30:35,525 - dataPROC.StockDataProc - INFO - TH0 start!
2016-06-19 22:30:35,551 - dataPROC.StockDataProc - INFO - TH0 start!
2016-06-19 22:30:35,561 - dataPROC.StockDataProc - INFO - TH0 wait!
2016-06-19 22:30:35,562 - dataPROC.StockDataProc - INFO - TH0 wait!
2016-06-19 22:30:35,562 - dataPROC.StockDataProc - INFO - TH1 start!
2016-06-19 22:30:35,631 - dataPROC.StockDataProc - INFO - TH0 start!
2016-06-19 22:30:35,631 - dataPROC.StockDataProc - INFO - TH0 getdata!
2016-06-19 22:30:35,631 - dataPROC.StockDataProc - INFO - multi start
2016-06-19 22:30:35,641 - dataPROC.StockDataProc - INFO - P1 join!
2016-06-19 22:30:35,641 - dataPROC.StockDataProc - INFO - TH1 start!
2016-06-19 22:30:35,641 - dataPROC.StockDataProc - INFO - TH1 getdata!
2016-06-19 22:30:35,611 - dataPROC.StockDataProc - INFO - TH1 start!
2016-06-19 22:30:35,642 - dataPROC.StockDataProc - INFO - multi start
2016-06-19 22:30:35,648 - dataPROC.StockDataProc - INFO - TH1 wait!
2016-06-19 22:30:35,648 - dataPROC.StockDataProc - INFO - TH1 wait!
2016-06-19 22:30:35,651 - dataPROC.StockDataProc - INFO - TH0 start!
2016-06-19 22:30:35,667 - dataPROC.StockDataProc - INFO - TH0 start!
2016-06-19 22:30:35,693 - dataPROC.StockDataProc - INFO - TH1 start!
2016-06-19 22:30:35,690 - dataPROC.StockDataProc - INFO - TH0 wait!
2016-06-19 22:30:35,701 - dataPROC.StockDataProc - INFO - TH0 wait!
2016-06-19 22:30:35,732 - dataPROC.StockDataProc - INFO - TH1 start!
2016-06-19 22:30:35,743 - dataPROC.StockDataProc - INFO - TH1 wait!
2016-06-19 22:30:35,759 - dataPROC.StockDataProc - INFO - TH1 wait!
2016-06-19 22:30:35,967 - dataPROC.StockDataProc - INFO - TH0 start!
2016-06-19 22:30:35,967 - dataPROC.StockDataProc - INFO - TH0 getdata!
2016-06-19 22:30:35,969 - dataPROC.StockDataProc - INFO - multi start
2016-06-19 22:30:35,977 - dataPROC.StockDataProc - INFO - TH1 start!
2016-06-19 22:30:35,977 - dataPROC.StockDataProc - INFO - TH1 getdata!
2016-06-19 22:30:35,977 - dataPROC.StockDataProc - INFO - multi start
2016-06-19 22:30:35,980 - dataPROC.StockDataProc - INFO - P2 join!
2016-06-19 22:30:35,982 - dataPROC.StockDataProc - INFO - TH0 start!
2016-06-19 22:30:35,983 - dataPROC.StockDataProc - INFO - TH0 start!
2016-06-19 22:30:35,983 - dataPROC.StockDataProc - INFO - TH0 wait!
2016-06-19 22:30:35,986 - dataPROC.StockDataProc - INFO - TH1 start!
2016-06-19 22:30:35,986 - dataPROC.StockDataProc - INFO - TH0 wait!
2016-06-19 22:30:35,987 - dataPROC.StockDataProc - INFO - TH1 start!
2016-06-19 22:30:36,013 - dataPROC.StockDataProc - INFO - TH1 wait!
2016-06-19 22:30:36,017 - dataPROC.StockDataProc - INFO - TH1 wait!
2016-06-19 22:30:36,298 - dataPROC.StockDataProc - INFO - TH0 start!
2016-06-19 22:30:36,299 - dataPROC.StockDataProc - INFO - TH0 getdata!
2016-06-19 22:30:36,301 - dataPROC.StockDataProc - INFO - TH1 start!
2016-06-19 22:30:36,302 - dataPROC.StockDataProc - INFO - multi start
2016-06-19 22:30:36,302 - dataPROC.StockDataProc - INFO - P0 join!
2016-06-19 22:30:36,302 - dataPROC.StockDataProc - INFO - TH1 getdata!
2016-06-19 22:30:36,315 - dataPROC.StockDataProc - INFO - multi start
2016-06-19 22:30:36,332 - dataPROC.StockDataProc - INFO - TH0 start!
2016-06-19 22:30:36,341 - dataPROC.StockDataProc - INFO - TH0 wait!
2016-06-19 22:30:36,342 - dataPROC.StockDataProc - INFO - TH1 start!
2016-06-19 22:30:36,342 - dataPROC.StockDataProc - INFO - TH0 start!
2016-06-19 22:30:36,348 - dataPROC.StockDataProc - INFO - TH1 start!
2016-06-19 22:30:36,351 - dataPROC.StockDataProc - INFO - TH1 wait!
2016-06-19 22:30:36,357 - dataPROC.StockDataProc - INFO - TH0 wait!
2016-06-19 22:30:36,357 - dataPROC.StockDataProc - INFO - TH1 wait!
2016-06-19 22:31:54,141 - dataPROC.StockDataProc - INFO - main join!
2016-06-19 22:31:57,778 - dataPROC.StockDataProc - INFO - TH0 start!
2016-06-19 22:31:57,778 - dataPROC.StockDataProc - INFO - TH0 getdata!
2016-06-19 22:31:57,779 - dataPROC.StockDataProc - INFO - multi start
2016-06-19 22:31:57,786 - dataPROC.StockDataProc - INFO - TH0 start!
2016-06-19 22:31:57,789 - dataPROC.StockDataProc - INFO - TH0 wait!
2016-06-19 22:31:57,846 - dataPROC.StockDataProc - INFO - TH1 start!
2016-06-19 22:31:57,851 - dataPROC.StockDataProc - INFO - TH1 start!
2016-06-19 22:31:57,835 - dataPROC.StockDataProc - INFO - P0 join!
2016-06-19 22:31:57,874 - dataPROC.StockDataProc - INFO - TH1 getdata!
2016-06-19 22:31:57,877 - dataPROC.StockDataProc - INFO - multi start
2016-06-19 22:31:57,880 - dataPROC.StockDataProc - INFO - TH0 start!
2016-06-19 22:31:57,881 - dataPROC.StockDataProc - INFO - TH0 wait!
2016-06-19 22:31:57,895 - dataPROC.StockDataProc - INFO - TH1 start!
2016-06-19 22:31:57,895 - dataPROC.StockDataProc - INFO - TH1 wait!
2016-06-19 22:31:57,907 - dataPROC.StockDataProc - INFO - TH0 getdata!
2016-06-19 22:31:57,924 - dataPROC.StockDataProc - INFO - TH1 getdata!
2016-06-19 22:31:57,940 - dataPROC.StockDataProc - INFO - TH0 getdata!
2016-06-19 22:31:58,302 - dataPROC.StockDataProc - INFO - TH0 start!
2016-06-19 22:31:58,309 - dataPROC.StockDataProc - INFO - TH0 start!
2016-06-19 22:31:58,311 - dataPROC.StockDataProc - INFO - TH0 getdata!
2016-06-19 22:31:58,311 - dataPROC.StockDataProc - INFO - multi start
2016-06-19 22:31:58,309 - dataPROC.StockDataProc - INFO - TH0 getdata!
2016-06-19 22:31:58,312 - dataPROC.StockDataProc - INFO - multi start
2016-06-19 22:31:58,315 - dataPROC.StockDataProc - INFO - TH1 start!
2016-06-19 22:31:58,315 - dataPROC.StockDataProc - INFO - P1 join!
2016-06-19 22:31:58,318 - dataPROC.StockDataProc - INFO - TH0 start!
2016-06-19 22:31:58,318 - dataPROC.StockDataProc - INFO - TH1 getdata!
2016-06-19 22:31:58,319 - dataPROC.StockDataProc - INFO - TH1 start!
2016-06-19 22:31:58,319 - dataPROC.StockDataProc - INFO - TH0 wait!
2016-06-19 22:31:58,319 - dataPROC.StockDataProc - INFO - multi start
2016-06-19 22:31:58,319 - dataPROC.StockDataProc - INFO - TH1 getdata!
2016-06-19 22:31:58,321 - dataPROC.StockDataProc - INFO - TH0 getdata!
2016-06-19 22:31:58,321 - dataPROC.StockDataProc - INFO - TH0 start!
2016-06-19 22:31:58,325 - dataPROC.StockDataProc - INFO - TH0 wait!
2016-06-19 22:31:58,328 - dataPROC.StockDataProc - INFO - TH1 start!
2016-06-19 22:31:58,334 - dataPROC.StockDataProc - INFO - P3 join!
2016-06-19 22:31:58,348 - dataPROC.StockDataProc - INFO - TH1 getdata!
2016-06-19 22:31:58,348 - dataPROC.StockDataProc - INFO - multi start
2016-06-19 22:31:58,346 - dataPROC.StockDataProc - INFO - TH1 start!
2016-06-19 22:31:58,352 - dataPROC.StockDataProc - INFO - TH0 start!
2016-06-19 22:31:58,365 - dataPROC.StockDataProc - INFO - TH1 start!
2016-06-19 22:31:58,365 - dataPROC.StockDataProc - INFO - TH0 wait!
2016-06-19 22:31:58,367 - dataPROC.StockDataProc - INFO - TH1 getdata!
2016-06-19 22:31:58,374 - dataPROC.StockDataProc - INFO - TH0 getdata!
2016-06-19 22:31:58,375 - dataPROC.StockDataProc - INFO - TH0 start!
2016-06-19 22:31:58,380 - dataPROC.StockDataProc - INFO - TH1 start!
2016-06-19 22:31:58,380 - dataPROC.StockDataProc - INFO - TH0 wait!
2016-06-19 22:31:58,381 - dataPROC.StockDataProc - INFO - TH1 getdata!
2016-06-19 22:31:58,385 - dataPROC.StockDataProc - INFO - TH0 getdata!
2016-06-19 22:31:58,391 - dataPROC.StockDataProc - INFO - TH1 getdata!
2016-06-19 22:31:58,394 - dataPROC.StockDataProc - INFO - TH0 getdata!
2016-06-19 22:31:58,427 - dataPROC.StockDataProc - INFO - TH0 start!
2016-06-19 22:31:58,430 - dataPROC.StockDataProc - INFO - TH0 getdata!
2016-06-19 22:31:58,430 - dataPROC.StockDataProc - INFO - TH1 start!
2016-06-19 22:31:58,431 - dataPROC.StockDataProc - INFO - P2 join!
2016-06-19 22:31:58,431 - dataPROC.StockDataProc - INFO - multi start
2016-06-19 22:31:58,434 - dataPROC.StockDataProc - INFO - TH1 getdata!
2016-06-19 22:31:58,460 - dataPROC.StockDataProc - INFO - multi start
2016-06-19 22:31:58,477 - dataPROC.StockDataProc - INFO - TH0 start!
2016-06-19 22:31:58,482 - dataPROC.StockDataProc - INFO - TH0 start!
2016-06-19 22:31:58,486 - dataPROC.StockDataProc - INFO - TH1 start!
2016-06-19 22:31:58,487 - dataPROC.StockDataProc - INFO - TH0 wait!
2016-06-19 22:31:58,489 - dataPROC.StockDataProc - INFO - TH0 wait!
2016-06-19 22:31:58,489 - dataPROC.StockDataProc - INFO - TH1 start!
2016-06-19 22:31:58,507 - dataPROC.StockDataProc - INFO - TH1 getdata!
2016-06-19 22:31:58,509 - dataPROC.StockDataProc - INFO - TH1 getdata!
2016-06-19 22:31:58,584 - dataPROC.StockDataProc - INFO - TH0 writedata!
2016-06-19 22:31:58,552 - dataPROC.StockDataProc - INFO - TH0 getdata!
2016-06-19 22:31:58,552 - dataPROC.StockDataProc - INFO - TH0 getdata!
2016-06-19 22:31:58,604 - dataPROC.StockDataProc - INFO - TH0 start!
2016-06-19 22:31:58,618 - dataPROC.StockDataProc - INFO - TH0 wait!
2016-06-19 22:31:58,812 - dataPROC.StockDataProc - INFO - TH1 writedata!
2016-06-19 22:31:58,878 - dataPROC.StockDataProc - INFO - TH1 start!
2016-06-19 22:31:58,880 - dataPROC.StockDataProc - INFO - TH1 wait!
2016-06-19 22:31:58,907 - dataPROC.StockDataProc - INFO - TH0 writedata!
2016-06-19 22:31:58,908 - dataPROC.StockDataProc - INFO - TH0 start!
2016-06-19 22:31:58,911 - dataPROC.StockDataProc - INFO - TH0 wait!
2016-06-19 22:31:59,395 - dataPROC.StockDataProc - INFO - TH0 writedata!
2016-06-19 22:31:59,410 - dataPROC.StockDataProc - INFO - TH0 start!
2016-06-19 22:31:59,411 - dataPROC.StockDataProc - INFO - TH0 wait!
2016-06-19 22:31:59,437 - dataPROC.StockDataProc - INFO - TH0 writedata!
2016-06-19 22:31:59,450 - dataPROC.StockDataProc - INFO - TH0 writedata!
2016-06-19 22:31:59,467 - dataPROC.StockDataProc - INFO - TH0 start!
2016-06-19 22:31:59,467 - dataPROC.StockDataProc - INFO - TH0 start!
2016-06-19 22:31:59,469 - dataPROC.StockDataProc - INFO - TH0 getdata!
2016-06-19 22:31:59,470 - dataPROC.StockDataProc - INFO - TH0 wait!
2016-06-19 22:31:59,480 - dataPROC.StockDataProc - INFO - TH0 writedata!
2016-06-19 22:31:59,480 - dataPROC.StockDataProc - INFO - TH0 start!
2016-06-19 22:31:59,486 - dataPROC.StockDataProc - INFO - TH0 wait!
2016-06-19 22:31:59,519 - dataPROC.StockDataProc - INFO - TH0 writedata!
2016-06-19 22:31:59,520 - dataPROC.StockDataProc - INFO - TH0 start!
2016-06-19 22:31:59,523 - dataPROC.StockDataProc - INFO - TH0 getdata!
2016-06-19 22:31:59,523 - dataPROC.StockDataProc - INFO - multi start
2016-06-19 22:31:59,526 - dataPROC.StockDataProc - INFO - TH0 start!
2016-06-19 22:31:59,526 - dataPROC.StockDataProc - INFO - TH0 wait!
2016-06-19 22:31:59,528 - dataPROC.StockDataProc - INFO - TH1 start!
2016-06-19 22:31:59,536 - dataPROC.StockDataProc - INFO - TH1 getdata!
2016-06-19 22:31:59,536 - dataPROC.StockDataProc - INFO - TH0 getdata!
2016-06-19 22:31:59,776 - dataPROC.StockDataProc - INFO - TH0 writedata!
2016-06-19 22:31:59,782 - dataPROC.StockDataProc - INFO - TH0 start!
2016-06-19 22:31:59,783 - dataPROC.StockDataProc - INFO - TH0 wait!
2016-06-19 22:31:59,796 - dataPROC.StockDataProc - INFO - TH0 writedata!
2016-06-19 22:31:59,798 - dataPROC.StockDataProc - INFO - TH0 start!
2016-06-19 22:31:59,799 - dataPROC.StockDataProc - INFO - TH0 wait!
2016-06-19 22:31:59,829 - dataPROC.StockDataProc - INFO - TH1 writedata!
2016-06-19 22:31:59,831 - dataPROC.StockDataProc - INFO - TH1 start!
2016-06-19 22:31:59,832 - dataPROC.StockDataProc - INFO - TH1 getdata!
2016-06-19 22:31:59,832 - dataPROC.StockDataProc - INFO - multi start
2016-06-19 22:31:59,834 - dataPROC.StockDataProc - INFO - TH0 writedata!
2016-06-19 22:31:59,838 - dataPROC.StockDataProc - INFO - TH0 start!
2016-06-19 22:31:59,841 - dataPROC.StockDataProc - INFO - TH0 wait!
2016-06-19 22:31:59,845 - dataPROC.StockDataProc - INFO - TH0 start!
2016-06-19 22:31:59,846 - dataPROC.StockDataProc - INFO - TH0 wait!
2016-06-19 22:31:59,849 - dataPROC.StockDataProc - INFO - TH1 start!
2016-06-19 22:31:59,852 - dataPROC.StockDataProc - INFO - TH1 getdata!
2016-06-19 22:31:59,852 - dataPROC.StockDataProc - INFO - TH0 getdata!
2016-06-19 22:31:59,875 - dataPROC.StockDataProc - INFO - TH1 writedata!
2016-06-19 22:31:59,878 - dataPROC.StockDataProc - INFO - TH1 start!
2016-06-19 22:31:59,880 - dataPROC.StockDataProc - INFO - TH1 wait!
2016-06-19 22:31:59,901 - dataPROC.StockDataProc - INFO - TH0 writedata!
2016-06-19 22:31:59,903 - dataPROC.StockDataProc - INFO - TH0 start!
2016-06-19 22:31:59,904 - dataPROC.StockDataProc - INFO - TH0 wait!
2016-06-19 22:32:00,029 - dataPROC.StockDataProc - INFO - TH1 writedata!
2016-06-19 22:32:00,032 - dataPROC.StockDataProc - INFO - TH1 start!
2016-06-19 22:32:00,033 - dataPROC.StockDataProc - INFO - TH1 wait!
2016-06-19 22:32:00,059 - dataPROC.StockDataProc - INFO - TH1 writedata!
2016-06-19 22:32:00,059 - dataPROC.StockDataProc - INFO - TH1 start!
2016-06-19 22:32:00,059 - dataPROC.StockDataProc - INFO - TH1 wait!
2016-06-19 22:32:00,065 - dataPROC.StockDataProc - INFO - TH1 writedata!
2016-06-19 22:32:00,065 - dataPROC.StockDataProc - INFO - TH1 start!
2016-06-19 22:32:00,069 - dataPROC.StockDataProc - INFO - TH1 wait!
2016-06-19 22:32:00,095 - dataPROC.StockDataProc - INFO - TH1 writedata!
2016-06-19 22:32:00,095 - dataPROC.StockDataProc - INFO - TH1 start!
2016-06-19 22:32:00,096 - dataPROC.StockDataProc - INFO - TH1 wait!
2016-06-19 22:32:00,158 - dataPROC.StockDataProc - INFO - TH0 writedata!
2016-06-19 22:32:00,161 - dataPROC.StockDataProc - INFO - TH0 start!
2016-06-19 22:32:00,163 - dataPROC.StockDataProc - INFO - TH0 wait!
2016-06-19 22:32:00,332 - dataPROC.StockDataProc - INFO - TH1 writedata!
2016-06-19 22:32:00,332 - dataPROC.StockDataProc - INFO - TH1 start!
2016-06-19 22:32:00,335 - dataPROC.StockDataProc - INFO - TH1 wait!
2016-06-19 22:32:00,357 - dataPROC.StockDataProc - INFO - TH0 writedata!
2016-06-19 22:32:00,357 - dataPROC.StockDataProc - INFO - TH0 start!
2016-06-19 22:32:00,358 - dataPROC.StockDataProc - INFO - TH0 wait!
2016-06-19 22:32:00,467 - dataPROC.StockDataProc - INFO - TH1 writedata!
2016-06-19 22:32:00,473 - dataPROC.StockDataProc - INFO - TH1 start!
2016-06-19 22:32:00,474 - dataPROC.StockDataProc - INFO - TH1 wait!
2016-06-19 22:32:00,595 - dataPROC.StockDataProc - INFO - TH1 writedata!
2016-06-19 22:32:00,596 - dataPROC.StockDataProc - INFO - TH1 start!
2016-06-19 22:32:00,598 - dataPROC.StockDataProc - INFO - TH1 wait!
2016-06-19 22:32:00,614 - dataPROC.StockDataProc - INFO - TH0 writedata!
2016-06-19 22:32:00,615 - dataPROC.StockDataProc - INFO - TH0 start!
2016-06-19 22:32:00,615 - dataPROC.StockDataProc - INFO - TH0 wait!
2016-06-19 22:32:00,746 - dataPROC.StockDataProc - INFO - TH1 writedata!
2016-06-19 22:32:00,747 - dataPROC.StockDataProc - INFO - TH1 start!
2016-06-19 22:32:00,749 - dataPROC.StockDataProc - INFO - TH1 wait!
2016-06-19 22:32:00,783 - dataPROC.StockDataProc - INFO - TH1 writedata!
2016-06-19 22:32:00,785 - dataPROC.StockDataProc - INFO - TH1 start!
2016-06-19 22:32:00,786 - dataPROC.StockDataProc - INFO - TH1 wait!
2016-06-19 22:32:00,795 - dataPROC.StockDataProc - INFO - TH0 writedata!
2016-06-19 22:32:00,798 - dataPROC.StockDataProc - INFO - TH0 start!
2016-06-19 22:32:00,799 - dataPROC.StockDataProc - INFO - TH0 wait!
2016-06-19 22:32:00,818 - dataPROC.StockDataProc - INFO - TH0 writedata!
2016-06-19 22:32:00,819 - dataPROC.StockDataProc - INFO - TH0 start!
2016-06-19 22:32:00,819 - dataPROC.StockDataProc - INFO - TH0 wait!
2016-06-19 22:35:12,368 - dataPROC.StockDataProc - INFO - main join!
2016-06-19 22:35:16,371 - dataPROC.StockDataProc - INFO - TH0 start!
2016-06-19 22:35:16,371 - dataPROC.StockDataProc - INFO - TH0 getdata!
2016-06-19 22:35:16,371 - dataPROC.StockDataProc - INFO - multi start
2016-06-19 22:35:16,377 - dataPROC.StockDataProc - INFO - TH0 start!
2016-06-19 22:35:16,377 - dataPROC.StockDataProc - INFO - TH1 start!
2016-06-19 22:35:16,381 - dataPROC.StockDataProc - INFO - TH1 start!
2016-06-19 22:35:16,377 - dataPROC.StockDataProc - INFO - P2 join!
2016-06-19 22:35:16,382 - dataPROC.StockDataProc - INFO - P1 join!
2016-06-19 22:35:16,394 - dataPROC.StockDataProc - INFO - TH0 start!
2016-06-19 22:35:16,394 - dataPROC.StockDataProc - INFO - TH0 getdata!
2016-06-19 22:35:16,398 - dataPROC.StockDataProc - INFO - TH1 wait!
2016-06-19 22:35:16,400 - dataPROC.StockDataProc - INFO - multi start
2016-06-19 22:35:16,398 - dataPROC.StockDataProc - INFO - TH1 wait!
2016-06-19 22:35:16,400 - dataPROC.StockDataProc - INFO - TH0 wait!
2016-06-19 22:35:16,400 - dataPROC.StockDataProc - INFO - TH1 start!
2016-06-19 22:35:16,404 - dataPROC.StockDataProc - INFO - TH0 start!
2016-06-19 22:35:16,404 - dataPROC.StockDataProc - INFO - TH0 wait!
2016-06-19 22:35:16,404 - dataPROC.StockDataProc - INFO - TH1 getdata!
2016-06-19 22:35:16,405 - dataPROC.StockDataProc - INFO - TH0 getdata!
2016-06-19 22:35:16,407 - dataPROC.StockDataProc - INFO - TH1 start!
2016-06-19 22:35:16,410 - dataPROC.StockDataProc - INFO - TH1 getdata!
2016-06-19 22:35:16,410 - dataPROC.StockDataProc - INFO - TH0 getdata!
2016-06-19 22:35:16,453 - dataPROC.StockDataProc - INFO - P0 wait!
2016-06-19 22:35:16,585 - dataPROC.StockDataProc - INFO - P3 wait!
2016-06-19 22:35:16,595 - dataPROC.StockDataProc - INFO - TH0 writedata!
2016-06-19 22:35:16,604 - dataPROC.StockDataProc - INFO - TH0 start!
2016-06-19 22:35:16,604 - dataPROC.StockDataProc - INFO - TH0 wait!
2016-06-19 22:35:16,690 - dataPROC.StockDataProc - INFO - TH0 writedata!
2016-06-19 22:35:16,691 - dataPROC.StockDataProc - INFO - TH0 start!
2016-06-19 22:35:16,693 - dataPROC.StockDataProc - INFO - TH0 wait!
2016-06-19 22:35:18,572 - dataPROC.StockDataProc - INFO - TH1 writedata!
2016-06-19 22:35:18,572 - dataPROC.StockDataProc - INFO - TH1 start!
2016-06-19 22:35:18,573 - dataPROC.StockDataProc - INFO - TH1 wait!
2016-06-19 22:35:18,592 - dataPROC.StockDataProc - INFO - TH0 writedata!
2016-06-19 22:35:18,592 - dataPROC.StockDataProc - INFO - TH0 start!
2016-06-19 22:35:18,592 - dataPROC.StockDataProc - INFO - TH0 wait!
2016-06-19 22:35:20,322 - dataPROC.StockDataProc - INFO - TH1 writedata!
2016-06-19 22:35:20,322 - dataPROC.StockDataProc - INFO - TH1 start!
2016-06-19 22:35:20,323 - dataPROC.StockDataProc - INFO - TH1 wait!
2016-06-19 22:35:20,338 - dataPROC.StockDataProc - INFO - TH0 writedata!
2016-06-19 22:35:20,341 - dataPROC.StockDataProc - INFO - main end!

2016-06-19 22:35:20,341 - dataPROC.StockDataProc - INFO - P2 end!
2016-06-19 22:35:20,341 - dataPROC.StockDataProc - INFO - TH0 wait!
2016-06-19 22:35:20,341 - dataPROC.StockDataProc - INFO - P1 end!
2016-06-19 22:36:00,775 - dataPROC.StockDataProc - INFO - main join!
2016-06-19 22:36:06,775 - dataPROC.StockDataProc - INFO - TH0 start!
2016-06-19 22:36:06,775 - dataPROC.StockDataProc - INFO - TH0 getdata!
2016-06-19 22:36:06,776 - dataPROC.StockDataProc - INFO - multi start
2016-06-19 22:36:06,783 - dataPROC.StockDataProc - INFO - TH0 start!
2016-06-19 22:36:06,785 - dataPROC.StockDataProc - INFO - TH0 getdata!
2016-06-19 22:36:06,786 - dataPROC.StockDataProc - INFO - multi start
2016-06-19 22:36:06,790 - dataPROC.StockDataProc - INFO - P1 join!
2016-06-19 22:36:06,790 - dataPROC.StockDataProc - INFO - TH1 start!
2016-06-19 22:36:06,793 - dataPROC.StockDataProc - INFO - TH1 getdata!
2016-06-19 22:36:06,796 - dataPROC.StockDataProc - INFO - multi start
2016-06-19 22:36:06,802 - dataPROC.StockDataProc - INFO - TH1 start!
2016-06-19 22:36:06,802 - dataPROC.StockDataProc - INFO - TH1 getdata!
2016-06-19 22:36:06,803 - dataPROC.StockDataProc - INFO - multi start
2016-06-19 22:36:06,799 - dataPROC.StockDataProc - INFO - TH0 start!
2016-06-19 22:36:06,806 - dataPROC.StockDataProc - INFO - TH0 start!
2016-06-19 22:36:06,806 - dataPROC.StockDataProc - INFO - TH0 wait!
2016-06-19 22:36:06,812 - dataPROC.StockDataProc - INFO - P3 join!
2016-06-19 22:36:06,808 - dataPROC.StockDataProc - INFO - TH0 wait!
2016-06-19 22:36:06,813 - dataPROC.StockDataProc - INFO - TH0 start!
2016-06-19 22:36:06,815 - dataPROC.StockDataProc - INFO - TH0 wait!
2016-06-19 22:36:06,816 - dataPROC.StockDataProc - INFO - TH1 start!
2016-06-19 22:36:06,816 - dataPROC.StockDataProc - INFO - TH1 wait!
2016-06-19 22:36:06,818 - dataPROC.StockDataProc - INFO - TH0 start!
2016-06-19 22:36:06,819 - dataPROC.StockDataProc - INFO - TH0 wait!
2016-06-19 22:36:06,819 - dataPROC.StockDataProc - INFO - TH0 getdata!
2016-06-19 22:36:06,819 - dataPROC.StockDataProc - INFO - TH1 start!
2016-06-19 22:36:06,836 - dataPROC.StockDataProc - INFO - TH1 start!
2016-06-19 22:36:06,836 - dataPROC.StockDataProc - INFO - TH1 start!
2016-06-19 22:36:06,842 - dataPROC.StockDataProc - INFO - TH1 getdata!
2016-06-19 22:36:06,842 - dataPROC.StockDataProc - INFO - TH0 getdata!
2016-06-19 22:36:06,844 - dataPROC.StockDataProc - INFO - TH1 getdata!
2016-06-19 22:36:06,844 - dataPROC.StockDataProc - INFO - TH0 getdata!
2016-06-19 22:36:06,846 - dataPROC.StockDataProc - INFO - TH1 getdata!
2016-06-19 22:36:06,848 - dataPROC.StockDataProc - INFO - TH0 getdata!
2016-06-19 22:36:07,046 - dataPROC.StockDataProc - INFO - TH0 writedata!
2016-06-19 22:36:07,046 - dataPROC.StockDataProc - INFO - TH0 start!
2016-06-19 22:36:07,048 - dataPROC.StockDataProc - INFO - TH0 wait!
2016-06-19 22:36:07,308 - dataPROC.StockDataProc - INFO - TH0 start!
2016-06-19 22:36:07,309 - dataPROC.StockDataProc - INFO - TH0 getdata!
2016-06-19 22:36:07,309 - dataPROC.StockDataProc - INFO - multi start
2016-06-19 22:36:07,309 - dataPROC.StockDataProc - INFO - TH0 writedata!
2016-06-19 22:36:07,319 - dataPROC.StockDataProc - INFO - TH0 start!
2016-06-19 22:36:07,319 - dataPROC.StockDataProc - INFO - TH0 wait!
2016-06-19 22:36:07,321 - dataPROC.StockDataProc - INFO - TH1 start!
2016-06-19 22:36:07,321 - dataPROC.StockDataProc - INFO - TH1 wait!
2016-06-19 22:36:07,322 - dataPROC.StockDataProc - INFO - TH0 getdata!
2016-06-19 22:36:07,323 - dataPROC.StockDataProc - INFO - TH1 start!
2016-06-19 22:36:07,323 - dataPROC.StockDataProc - INFO - TH1 wait!
2016-06-19 22:36:07,325 - dataPROC.StockDataProc - INFO - P0 join!
2016-06-19 22:36:07,326 - dataPROC.StockDataProc - INFO - TH0 start!
2016-06-19 22:36:07,328 - dataPROC.StockDataProc - INFO - TH0 wait!
2016-06-19 22:36:07,434 - dataPROC.StockDataProc - INFO - TH0 writedata!
2016-06-19 22:36:07,515 - dataPROC.StockDataProc - INFO - TH0 start!
2016-06-19 22:36:07,581 - dataPROC.StockDataProc - INFO - TH0 wait!
2016-06-19 22:36:07,680 - dataPROC.StockDataProc - INFO - P2 wait!
2016-06-19 22:36:07,858 - dataPROC.StockDataProc - INFO - TH1 writedata!
2016-06-19 22:36:07,858 - dataPROC.StockDataProc - INFO - TH1 start!
2016-06-19 22:36:07,859 - dataPROC.StockDataProc - INFO - TH1 wait!
2016-06-19 22:36:07,877 - dataPROC.StockDataProc - INFO - TH1 writedata!
2016-06-19 22:36:07,878 - dataPROC.StockDataProc - INFO - TH1 start!
2016-06-19 22:36:07,878 - dataPROC.StockDataProc - INFO - TH1 wait!
2016-06-19 22:36:07,983 - dataPROC.StockDataProc - INFO - TH1 writedata!
2016-06-19 22:36:07,986 - dataPROC.StockDataProc - INFO - TH1 start!
2016-06-19 22:36:07,986 - dataPROC.StockDataProc - INFO - TH1 wait!
2016-06-19 22:36:08,006 - dataPROC.StockDataProc - INFO - TH0 writedata!
2016-06-19 22:36:08,007 - dataPROC.StockDataProc - INFO - TH0 start!
2016-06-19 22:36:08,009 - dataPROC.StockDataProc - INFO - TH0 wait!
2016-06-19 22:36:08,086 - dataPROC.StockDataProc - INFO - TH0 writedata!
2016-06-19 22:36:08,088 - dataPROC.StockDataProc - INFO - TH0 start!
2016-06-19 22:36:08,088 - dataPROC.StockDataProc - INFO - TH0 getdata!
2016-06-19 22:36:08,293 - dataPROC.StockDataProc - INFO - TH0 writedata!
2016-06-19 22:36:08,305 - dataPROC.StockDataProc - INFO - TH0 writedata!
2016-06-19 22:36:08,305 - dataPROC.StockDataProc - INFO - TH0 start!
2016-06-19 22:36:08,305 - dataPROC.StockDataProc - INFO - TH0 wait!
2016-06-19 22:36:08,302 - dataPROC.StockDataProc - INFO - TH0 start!
2016-06-19 22:36:08,305 - dataPROC.StockDataProc - INFO - TH0 wait!
2016-06-19 22:36:08,417 - dataPROC.StockDataProc - INFO - TH0 writedata!
2016-06-19 22:36:08,417 - dataPROC.StockDataProc - INFO - TH0 start!
2016-06-19 22:36:08,418 - dataPROC.StockDataProc - INFO - TH0 getdata!
2016-06-19 22:36:08,645 - dataPROC.StockDataProc - INFO - TH0 writedata!
2016-06-19 22:36:08,647 - dataPROC.StockDataProc - INFO - TH0 start!
2016-06-19 22:36:08,650 - dataPROC.StockDataProc - INFO - TH0 wait!
2016-06-19 22:36:08,694 - dataPROC.StockDataProc - INFO - TH0 writedata!
2016-06-19 22:36:08,696 - dataPROC.StockDataProc - INFO - TH0 start!
2016-06-19 22:36:08,696 - dataPROC.StockDataProc - INFO - TH0 wait!
2016-06-19 22:36:08,836 - dataPROC.StockDataProc - INFO - TH1 writedata!
2016-06-19 22:36:08,838 - dataPROC.StockDataProc - INFO - TH1 start!
2016-06-19 22:36:08,838 - dataPROC.StockDataProc - INFO - TH1 wait!
2016-06-19 22:36:08,852 - dataPROC.StockDataProc - INFO - TH1 writedata!
2016-06-19 22:36:08,854 - dataPROC.StockDataProc - INFO - P0 end!
2016-06-19 22:36:08,855 - dataPROC.StockDataProc - INFO - main end!
2016-06-19 22:36:08,854 - dataPROC.StockDataProc - INFO - TH1 start!
2016-06-19 22:36:08,855 - dataPROC.StockDataProc - INFO - P3 end!
2016-06-19 22:36:08,855 - dataPROC.StockDataProc - INFO - TH1 wait!
2016-06-19 22:36:36,045 - dataPROC.StockDataProc - INFO - main join!
2016-06-19 22:36:41,913 - dataPROC.StockDataProc - INFO - TH0 start!
2016-06-19 22:36:41,914 - dataPROC.StockDataProc - INFO - TH0 getdata!
2016-06-19 22:36:41,914 - dataPROC.StockDataProc - INFO - multi start
2016-06-19 22:36:41,923 - dataPROC.StockDataProc - INFO - TH1 start!
2016-06-19 22:36:41,923 - dataPROC.StockDataProc - INFO - TH1 getdata!
2016-06-19 22:36:41,923 - dataPROC.StockDataProc - INFO - multi start
2016-06-19 22:36:41,924 - dataPROC.StockDataProc - INFO - P0 join!
2016-06-19 22:36:41,927 - dataPROC.StockDataProc - INFO - TH0 start!
2016-06-19 22:36:41,927 - dataPROC.StockDataProc - INFO - TH0 wait!
2016-06-19 22:36:41,927 - dataPROC.StockDataProc - INFO - TH1 start!
2016-06-19 22:36:41,928 - dataPROC.StockDataProc - INFO - TH1 wait!
2016-06-19 22:36:41,941 - dataPROC.StockDataProc - INFO - TH0 start!
2016-06-19 22:36:41,943 - dataPROC.StockDataProc - INFO - TH0 wait!
2016-06-19 22:36:41,950 - dataPROC.StockDataProc - INFO - TH1 start!
2016-06-19 22:36:41,950 - dataPROC.StockDataProc - INFO - TH0 getdata!
2016-06-19 22:36:42,019 - dataPROC.StockDataProc - INFO - TH1 getdata!
2016-06-19 22:36:42,019 - dataPROC.StockDataProc - INFO - TH0 getdata!
2016-06-19 22:36:42,359 - dataPROC.StockDataProc - INFO - TH0 start!
2016-06-19 22:36:42,361 - dataPROC.StockDataProc - INFO - TH0 getdata!
2016-06-19 22:36:42,361 - dataPROC.StockDataProc - INFO - multi start
2016-06-19 22:36:42,380 - dataPROC.StockDataProc - INFO - TH0 start!
2016-06-19 22:36:42,380 - dataPROC.StockDataProc - INFO - TH0 wait!
2016-06-19 22:36:42,381 - dataPROC.StockDataProc - INFO - TH1 start!
2016-06-19 22:36:42,387 - dataPROC.StockDataProc - INFO - TH1 getdata!
2016-06-19 22:36:42,388 - dataPROC.StockDataProc - INFO - multi start
2016-06-19 22:36:42,387 - dataPROC.StockDataProc - INFO - P1 join!
2016-06-19 22:36:42,392 - dataPROC.StockDataProc - INFO - TH0 start!
2016-06-19 22:36:42,392 - dataPROC.StockDataProc - INFO - TH0 wait!
2016-06-19 22:36:42,392 - dataPROC.StockDataProc - INFO - TH0 writedata!
2016-06-19 22:36:42,394 - dataPROC.StockDataProc - INFO - TH1 start!
2016-06-19 22:36:42,394 - dataPROC.StockDataProc - INFO - TH0 start!
2016-06-19 22:36:42,397 - dataPROC.StockDataProc - INFO - TH0 wait!
2016-06-19 22:36:42,631 - dataPROC.StockDataProc - INFO - TH1 start!
2016-06-19 22:36:42,634 - dataPROC.StockDataProc - INFO - TH1 getdata!
2016-06-19 22:36:42,634 - dataPROC.StockDataProc - INFO - TH0 getdata!
2016-06-19 22:36:42,638 - dataPROC.StockDataProc - INFO - TH1 getdata!
2016-06-19 22:36:42,638 - dataPROC.StockDataProc - INFO - TH0 getdata!
2016-06-19 22:36:42,763 - dataPROC.StockDataProc - INFO - TH0 start!
2016-06-19 22:36:42,765 - dataPROC.StockDataProc - INFO - TH0 getdata!
2016-06-19 22:36:42,765 - dataPROC.StockDataProc - INFO - multi start
2016-06-19 22:36:42,772 - dataPROC.StockDataProc - INFO - P3 join!
2016-06-19 22:36:42,772 - dataPROC.StockDataProc - INFO - TH1 start!
2016-06-19 22:36:42,773 - dataPROC.StockDataProc - INFO - TH1 getdata!
2016-06-19 22:36:42,773 - dataPROC.StockDataProc - INFO - multi start
2016-06-19 22:36:42,778 - dataPROC.StockDataProc - INFO - TH0 start!
2016-06-19 22:36:42,778 - dataPROC.StockDataProc - INFO - TH0 wait!
2016-06-19 22:36:42,782 - dataPROC.StockDataProc - INFO - TH1 start!
2016-06-19 22:36:42,786 - dataPROC.StockDataProc - INFO - TH0 start!
2016-06-19 22:36:42,788 - dataPROC.StockDataProc - INFO - TH0 wait!
2016-06-19 22:36:42,789 - dataPROC.StockDataProc - INFO - TH1 getdata!
2016-06-19 22:36:42,789 - dataPROC.StockDataProc - INFO - TH0 getdata!
2016-06-19 22:36:42,811 - dataPROC.StockDataProc - INFO - TH1 start!
2016-06-19 22:36:42,894 - dataPROC.StockDataProc - INFO - TH1 getdata!
2016-06-19 22:36:42,895 - dataPROC.StockDataProc - INFO - TH0 getdata!
2016-06-19 22:36:43,265 - dataPROC.StockDataProc - INFO - P2 wait!
2016-06-19 22:36:43,394 - dataPROC.StockDataProc - INFO - TH0 writedata!
2016-06-19 22:36:43,404 - dataPROC.StockDataProc - INFO - TH0 start!
2016-06-19 22:36:43,411 - dataPROC.StockDataProc - INFO - TH0 getdata!
2016-06-19 22:36:43,421 - dataPROC.StockDataProc - INFO - TH1 writedata!
2016-06-19 22:36:43,421 - dataPROC.StockDataProc - INFO - TH1 start!
2016-06-19 22:36:43,424 - dataPROC.StockDataProc - INFO - TH1 wait!
2016-06-19 22:36:43,513 - dataPROC.StockDataProc - INFO - TH0 writedata!
2016-06-19 22:36:43,536 - dataPROC.StockDataProc - INFO - TH0 writedata!
2016-06-19 22:36:43,947 - dataPROC.StockDataProc - INFO - TH0 start!
2016-06-19 22:36:43,948 - dataPROC.StockDataProc - INFO - TH0 wait!
2016-06-19 22:36:43,954 - dataPROC.StockDataProc - INFO - TH0 writedata!
2016-06-19 22:36:43,966 - dataPROC.StockDataProc - INFO - TH0 writedata!
2016-06-19 22:36:43,956 - dataPROC.StockDataProc - INFO - TH0 start!
2016-06-19 22:36:43,971 - dataPROC.StockDataProc - INFO - TH0 writedata!
2016-06-19 22:36:43,969 - dataPROC.StockDataProc - INFO - TH0 wait!
2016-06-19 22:36:43,967 - dataPROC.StockDataProc - INFO - TH0 start!
2016-06-19 22:36:43,976 - dataPROC.StockDataProc - INFO - TH0 wait!
2016-06-19 22:36:43,976 - dataPROC.StockDataProc - INFO - TH0 start!
2016-06-19 22:36:43,980 - dataPROC.StockDataProc - INFO - TH0 wait!
2016-06-19 22:36:43,982 - dataPROC.StockDataProc - INFO - TH0 start!
2016-06-19 22:36:43,984 - dataPROC.StockDataProc - INFO - TH0 wait!
2016-06-19 22:36:44,019 - dataPROC.StockDataProc - INFO - TH1 writedata!
2016-06-19 22:36:44,020 - dataPROC.StockDataProc - INFO - TH1 start!
2016-06-19 22:36:44,029 - dataPROC.StockDataProc - INFO - TH1 wait!
2016-06-19 22:36:44,253 - dataPROC.StockDataProc - INFO - TH1 writedata!
2016-06-19 22:36:44,255 - dataPROC.StockDataProc - INFO - TH1 start!
2016-06-19 22:36:44,256 - dataPROC.StockDataProc - INFO - TH1 wait!
2016-06-19 22:36:44,322 - dataPROC.StockDataProc - INFO - TH0 writedata!
2016-06-19 22:36:44,381 - dataPROC.StockDataProc - INFO - TH0 start!
2016-06-19 22:36:44,384 - dataPROC.StockDataProc - INFO - TH0 wait!
2016-06-19 22:36:44,417 - dataPROC.StockDataProc - INFO - TH1 writedata!
2016-06-19 22:36:44,417 - dataPROC.StockDataProc - INFO - TH1 start!
2016-06-19 22:36:44,418 - dataPROC.StockDataProc - INFO - TH1 wait!
2016-06-19 22:36:44,440 - dataPROC.StockDataProc - INFO - TH1 writedata!
2016-06-19 22:36:44,440 - dataPROC.StockDataProc - INFO - TH1 start!
2016-06-19 22:36:44,440 - dataPROC.StockDataProc - INFO - TH1 wait!
2016-06-19 22:36:44,579 - dataPROC.StockDataProc - INFO - TH0 writedata!
2016-06-19 22:36:44,582 - dataPROC.StockDataProc - INFO - TH0 start!
2016-06-19 22:36:44,585 - dataPROC.StockDataProc - INFO - TH0 wait!
2016-06-19 22:36:44,607 - dataPROC.StockDataProc - INFO - TH1 writedata!
2016-06-19 22:36:44,608 - dataPROC.StockDataProc - INFO - TH1 start!
2016-06-19 22:36:44,609 - dataPROC.StockDataProc - INFO - TH1 wait!
2016-06-19 22:36:44,632 - dataPROC.StockDataProc - INFO - TH0 writedata!
2016-06-19 22:36:44,634 - dataPROC.StockDataProc - INFO - TH0 start!
2016-06-19 22:36:44,637 - dataPROC.StockDataProc - INFO - TH0 wait!
2016-06-19 22:36:45,490 - dataPROC.StockDataProc - INFO - TH1 writedata!
2016-06-19 22:36:45,492 - dataPROC.StockDataProc - INFO - TH1 start!
2016-06-19 22:36:45,493 - dataPROC.StockDataProc - INFO - TH1 wait!
2016-06-19 22:36:45,507 - dataPROC.StockDataProc - INFO - TH1 writedata!
2016-06-19 22:36:45,509 - dataPROC.StockDataProc - INFO - main end!

2016-06-19 22:36:45,509 - dataPROC.StockDataProc - INFO - P0 end!
2016-06-19 22:36:45,509 - dataPROC.StockDataProc - INFO - P3 end!
2016-06-19 22:36:45,509 - dataPROC.StockDataProc - INFO - TH1 wait!
2016-06-19 22:36:59,947 - dataPROC.StockDataProc - INFO - main join!
2016-06-19 22:37:06,461 - dataPROC.StockDataProc - INFO - TH0 start!
2016-06-19 22:37:06,461 - dataPROC.StockDataProc - INFO - TH0 getdata!
2016-06-19 22:37:06,461 - dataPROC.StockDataProc - INFO - multi start
2016-06-19 22:37:06,474 - dataPROC.StockDataProc - INFO - TH1 start!
2016-06-19 22:37:06,474 - dataPROC.StockDataProc - INFO - TH1 getdata!
2016-06-19 22:37:06,474 - dataPROC.StockDataProc - INFO - multi start
2016-06-19 22:37:06,477 - dataPROC.StockDataProc - INFO - P3 join!
2016-06-19 22:37:06,506 - dataPROC.StockDataProc - INFO - TH0 start!
2016-06-19 22:37:06,506 - dataPROC.StockDataProc - INFO - TH0 wait!
2016-06-19 22:37:06,519 - dataPROC.StockDataProc - INFO - TH1 start!
2016-06-19 22:37:06,519 - dataPROC.StockDataProc - INFO - TH1 wait!
2016-06-19 22:37:06,522 - dataPROC.StockDataProc - INFO - TH0 start!
2016-06-19 22:37:06,523 - dataPROC.StockDataProc - INFO - TH0 wait!
2016-06-19 22:37:06,526 - dataPROC.StockDataProc - INFO - TH0 getdata!
2016-06-19 22:37:06,549 - dataPROC.StockDataProc - INFO - TH1 start!
2016-06-19 22:37:06,602 - dataPROC.StockDataProc - INFO - TH1 getdata!
2016-06-19 22:37:06,604 - dataPROC.StockDataProc - INFO - TH0 getdata!
2016-06-19 22:37:06,625 - dataPROC.StockDataProc - INFO - TH0 start!
2016-06-19 22:37:06,651 - dataPROC.StockDataProc - INFO - TH0 getdata!
2016-06-19 22:37:06,653 - dataPROC.StockDataProc - INFO - multi start
2016-06-19 22:37:06,657 - dataPROC.StockDataProc - INFO - TH1 start!
2016-06-19 22:37:06,663 - dataPROC.StockDataProc - INFO - TH1 getdata!
2016-06-19 22:37:06,664 - dataPROC.StockDataProc - INFO - multi start
2016-06-19 22:37:06,686 - dataPROC.StockDataProc - INFO - TH0 start!
2016-06-19 22:37:06,687 - dataPROC.StockDataProc - INFO - TH0 wait!
2016-06-19 22:37:06,687 - dataPROC.StockDataProc - INFO - TH1 start!
2016-06-19 22:37:06,687 - dataPROC.StockDataProc - INFO - TH1 wait!
2016-06-19 22:37:06,688 - dataPROC.StockDataProc - INFO - P1 join!
2016-06-19 22:37:06,696 - dataPROC.StockDataProc - INFO - TH0 start!
2016-06-19 22:37:06,704 - dataPROC.StockDataProc - INFO - TH0 wait!
2016-06-19 22:37:06,704 - dataPROC.StockDataProc - INFO - TH1 start!
2016-06-19 22:37:06,707 - dataPROC.StockDataProc - INFO - TH0 getdata!
2016-06-19 22:37:06,734 - dataPROC.StockDataProc - INFO - TH1 getdata!
2016-06-19 22:37:06,736 - dataPROC.StockDataProc - INFO - TH0 getdata!
2016-06-19 22:37:06,828 - dataPROC.StockDataProc - INFO - TH0 start!
2016-06-19 22:37:06,829 - dataPROC.StockDataProc - INFO - TH0 getdata!
2016-06-19 22:37:06,829 - dataPROC.StockDataProc - INFO - multi start
2016-06-19 22:37:06,835 - dataPROC.StockDataProc - INFO - TH1 start!
2016-06-19 22:37:06,835 - dataPROC.StockDataProc - INFO - P0 join!
2016-06-19 22:37:06,836 - dataPROC.StockDataProc - INFO - TH1 getdata!
2016-06-19 22:37:06,838 - dataPROC.StockDataProc - INFO - multi start
2016-06-19 22:37:06,841 - dataPROC.StockDataProc - INFO - TH0 start!
2016-06-19 22:37:06,842 - dataPROC.StockDataProc - INFO - TH1 start!
2016-06-19 22:37:06,842 - dataPROC.StockDataProc - INFO - TH0 wait!
2016-06-19 22:37:06,844 - dataPROC.StockDataProc - INFO - TH1 getdata!
2016-06-19 22:37:06,845 - dataPROC.StockDataProc - INFO - TH0 getdata!
2016-06-19 22:37:06,857 - dataPROC.StockDataProc - INFO - TH0 start!
2016-06-19 22:37:06,857 - dataPROC.StockDataProc - INFO - TH0 wait!
2016-06-19 22:37:06,871 - dataPROC.StockDataProc - INFO - TH1 start!
2016-06-19 22:37:06,871 - dataPROC.StockDataProc - INFO - TH1 wait!
2016-06-19 22:37:06,904 - dataPROC.StockDataProc - INFO - TH0 writedata!
2016-06-19 22:37:06,917 - dataPROC.StockDataProc - INFO - TH0 start!
2016-06-19 22:37:06,917 - dataPROC.StockDataProc - INFO - TH0 wait!
2016-06-19 22:37:06,918 - dataPROC.StockDataProc - INFO - TH0 getdata!
2016-06-19 22:37:07,042 - dataPROC.StockDataProc - INFO - TH0 start!
2016-06-19 22:37:07,042 - dataPROC.StockDataProc - INFO - TH0 getdata!
2016-06-19 22:37:07,042 - dataPROC.StockDataProc - INFO - multi start
2016-06-19 22:37:07,059 - dataPROC.StockDataProc - INFO - TH0 start!
2016-06-19 22:37:07,063 - dataPROC.StockDataProc - INFO - TH0 wait!
2016-06-19 22:37:07,065 - dataPROC.StockDataProc - INFO - TH1 start!
2016-06-19 22:37:07,065 - dataPROC.StockDataProc - INFO - TH1 wait!
2016-06-19 22:37:07,072 - dataPROC.StockDataProc - INFO - TH0 getdata!
2016-06-19 22:37:07,073 - dataPROC.StockDataProc - INFO - P2 join!
2016-06-19 22:37:07,073 - dataPROC.StockDataProc - INFO - TH1 start!
2016-06-19 22:37:07,075 - dataPROC.StockDataProc - INFO - TH1 wait!
2016-06-19 22:37:07,276 - dataPROC.StockDataProc - INFO - TH0 writedata!
2016-06-19 22:37:07,279 - dataPROC.StockDataProc - INFO - TH0 start!
2016-06-19 22:37:07,282 - dataPROC.StockDataProc - INFO - TH0 wait!
2016-06-19 22:37:07,477 - dataPROC.StockDataProc - INFO - TH0 writedata!
2016-06-19 22:37:07,480 - dataPROC.StockDataProc - INFO - TH0 start!
2016-06-19 22:37:07,486 - dataPROC.StockDataProc - INFO - TH0 wait!
2016-06-19 22:37:07,493 - dataPROC.StockDataProc - INFO - TH1 writedata!
2016-06-19 22:37:07,496 - dataPROC.StockDataProc - INFO - TH1 start!
2016-06-19 22:37:07,499 - dataPROC.StockDataProc - INFO - TH1 wait!
2016-06-19 22:37:07,536 - dataPROC.StockDataProc - INFO - TH0 writedata!
2016-06-19 22:37:07,545 - dataPROC.StockDataProc - INFO - TH0 start!
2016-06-19 22:37:07,546 - dataPROC.StockDataProc - INFO - TH0 wait!
2016-06-19 22:37:07,855 - dataPROC.StockDataProc - INFO - TH1 writedata!
2016-06-19 22:37:07,855 - dataPROC.StockDataProc - INFO - TH1 start!
2016-06-19 22:37:07,857 - dataPROC.StockDataProc - INFO - TH1 wait!
2016-06-19 22:37:07,884 - dataPROC.StockDataProc - INFO - TH0 writedata!
2016-06-19 22:37:07,884 - dataPROC.StockDataProc - INFO - TH0 start!
2016-06-19 22:37:07,885 - dataPROC.StockDataProc - INFO - TH0 wait!
2016-06-19 22:37:08,036 - dataPROC.StockDataProc - INFO - TH1 writedata!
2016-06-19 22:37:08,038 - dataPROC.StockDataProc - INFO - TH1 start!
2016-06-19 22:37:08,039 - dataPROC.StockDataProc - INFO - TH1 wait!
2016-06-19 22:37:08,063 - dataPROC.StockDataProc - INFO - TH0 writedata!
2016-06-19 22:37:08,065 - dataPROC.StockDataProc - INFO - TH0 start!
2016-06-19 22:37:08,065 - dataPROC.StockDataProc - INFO - TH0 wait!
2016-06-19 22:37:08,089 - dataPROC.StockDataProc - INFO - TH0 writedata!
2016-06-19 22:37:08,092 - dataPROC.StockDataProc - INFO - TH0 start!
2016-06-19 22:37:08,092 - dataPROC.StockDataProc - INFO - TH0 getdata!
2016-06-19 22:37:08,209 - dataPROC.StockDataProc - INFO - TH0 writedata!
2016-06-19 22:37:08,216 - dataPROC.StockDataProc - INFO - TH0 start!
2016-06-19 22:37:08,217 - dataPROC.StockDataProc - INFO - TH0 getdata!
2016-06-19 22:37:08,384 - dataPROC.StockDataProc - INFO - TH0 writedata!
2016-06-19 22:37:08,385 - dataPROC.StockDataProc - INFO - TH0 start!
2016-06-19 22:37:08,385 - dataPROC.StockDataProc - INFO - TH0 wait!
2016-06-19 22:37:08,404 - dataPROC.StockDataProc - INFO - TH1 writedata!
2016-06-19 22:37:08,404 - dataPROC.StockDataProc - INFO - TH1 start!
2016-06-19 22:37:08,404 - dataPROC.StockDataProc - INFO - TH1 wait!
2016-06-19 22:37:08,447 - dataPROC.StockDataProc - INFO - TH0 writedata!
2016-06-19 22:37:08,448 - dataPROC.StockDataProc - INFO - TH0 start!
2016-06-19 22:37:08,453 - dataPROC.StockDataProc - INFO - TH0 wait!
2016-06-19 22:37:08,460 - dataPROC.StockDataProc - INFO - TH0 writedata!
2016-06-19 22:37:08,460 - dataPROC.StockDataProc - INFO - TH0 start!
2016-06-19 22:37:08,461 - dataPROC.StockDataProc - INFO - TH0 getdata!
2016-06-19 22:37:08,474 - dataPROC.StockDataProc - INFO - TH1 writedata!
2016-06-19 22:37:08,474 - dataPROC.StockDataProc - INFO - TH1 start!
2016-06-19 22:37:08,476 - dataPROC.StockDataProc - INFO - TH1 wait!
2016-06-19 22:37:08,493 - dataPROC.StockDataProc - INFO - TH0 writedata!
2016-06-19 22:37:08,493 - dataPROC.StockDataProc - INFO - TH0 start!
2016-06-19 22:37:08,494 - dataPROC.StockDataProc - INFO - TH0 getdata!
2016-06-19 22:37:08,697 - dataPROC.StockDataProc - INFO - TH0 writedata!
2016-06-19 22:37:08,698 - dataPROC.StockDataProc - INFO - TH0 start!
2016-06-19 22:37:08,700 - dataPROC.StockDataProc - INFO - TH0 wait!
2016-06-19 22:37:08,711 - dataPROC.StockDataProc - INFO - TH1 writedata!
2016-06-19 22:37:08,711 - dataPROC.StockDataProc - INFO - TH1 start!
2016-06-19 22:37:08,713 - dataPROC.StockDataProc - INFO - TH1 wait!
2016-06-19 22:37:08,734 - dataPROC.StockDataProc - INFO - TH0 writedata!
2016-06-19 22:37:08,736 - dataPROC.StockDataProc - INFO - TH0 start!
2016-06-19 22:37:08,736 - dataPROC.StockDataProc - INFO - TH0 wait!
2016-06-19 22:37:08,749 - dataPROC.StockDataProc - INFO - TH0 writedata!
2016-06-19 22:37:08,750 - dataPROC.StockDataProc - INFO - main end!
2016-06-19 22:37:08,750 - dataPROC.StockDataProc - INFO - P3 end!
2016-06-19 22:37:08,752 - dataPROC.StockDataProc - INFO - P1 end!
2016-06-19 22:37:08,756 - dataPROC.StockDataProc - INFO - P0 end!
2016-06-19 22:37:08,756 - dataPROC.StockDataProc - INFO - TH0 start!
2016-06-19 22:37:08,763 - dataPROC.StockDataProc - INFO - P2 end!
2016-06-19 22:37:08,765 - dataPROC.StockDataProc - INFO - TH0 wait!
2016-06-19 22:37:35,983 - dataPROC.StockDataProc - INFO - main join!
2016-06-19 22:37:41,707 - dataPROC.StockDataProc - INFO - TH0 start!
2016-06-19 22:37:41,709 - dataPROC.StockDataProc - INFO - TH0 getdata!
2016-06-19 22:37:41,709 - dataPROC.StockDataProc - INFO - multi start
2016-06-19 22:37:41,717 - dataPROC.StockDataProc - INFO - TH0 start!
2016-06-19 22:37:41,723 - dataPROC.StockDataProc - INFO - TH0 wait!
2016-06-19 22:37:41,729 - dataPROC.StockDataProc - INFO - TH1 start!
2016-06-19 22:37:41,739 - dataPROC.StockDataProc - INFO - TH1 start!
2016-06-19 22:37:41,739 - dataPROC.StockDataProc - INFO - TH1 getdata!
2016-06-19 22:37:41,740 - dataPROC.StockDataProc - INFO - multi start
2016-06-19 22:37:41,746 - dataPROC.StockDataProc - INFO - TH1 getdata!
2016-06-19 22:37:41,746 - dataPROC.StockDataProc - INFO - P0 join!
2016-06-19 22:37:41,746 - dataPROC.StockDataProc - INFO - TH0 getdata!
2016-06-19 22:37:41,765 - dataPROC.StockDataProc - INFO - TH0 start!
2016-06-19 22:37:41,832 - dataPROC.StockDataProc - INFO - TH0 wait!
2016-06-19 22:37:41,832 - dataPROC.StockDataProc - INFO - TH1 start!
2016-06-19 22:37:41,890 - dataPROC.StockDataProc - INFO - TH1 getdata!
2016-06-19 22:37:41,892 - dataPROC.StockDataProc - INFO - TH0 getdata!
2016-06-19 22:37:42,888 - dataPROC.StockDataProc - INFO - TH0 writedata!
2016-06-19 22:37:42,895 - dataPROC.StockDataProc - INFO - TH0 start!
2016-06-19 22:37:42,898 - dataPROC.StockDataProc - INFO - TH0 wait!
2016-06-19 22:37:42,913 - dataPROC.StockDataProc - INFO - TH0 start!
2016-06-19 22:37:42,914 - dataPROC.StockDataProc - INFO - TH0 getdata!
2016-06-19 22:37:42,914 - dataPROC.StockDataProc - INFO - multi start
2016-06-19 22:37:42,921 - dataPROC.StockDataProc - INFO - TH1 start!
2016-06-19 22:37:42,921 - dataPROC.StockDataProc - INFO - TH1 getdata!
2016-06-19 22:37:42,921 - dataPROC.StockDataProc - INFO - multi start
2016-06-19 22:37:42,923 - dataPROC.StockDataProc - INFO - P3 join!
2016-06-19 22:37:42,923 - dataPROC.StockDataProc - INFO - TH0 start!
2016-06-19 22:37:42,937 - dataPROC.StockDataProc - INFO - TH1 start!
2016-06-19 22:37:42,948 - dataPROC.StockDataProc - INFO - TH0 getdata!
2016-06-19 22:37:42,948 - dataPROC.StockDataProc - INFO - TH1 getdata!
2016-06-19 22:37:42,976 - dataPROC.StockDataProc - INFO - TH0 start!
2016-06-19 22:37:42,979 - dataPROC.StockDataProc - INFO - TH0 wait!
2016-06-19 22:37:42,980 - dataPROC.StockDataProc - INFO - TH1 start!
2016-06-19 22:37:42,980 - dataPROC.StockDataProc - INFO - TH0 start!
2016-06-19 22:37:42,983 - dataPROC.StockDataProc - INFO - TH0 getdata!
2016-06-19 22:37:42,983 - dataPROC.StockDataProc - INFO - TH1 start!
2016-06-19 22:37:42,984 - dataPROC.StockDataProc - INFO - TH1 getdata!
2016-06-19 22:37:42,984 - dataPROC.StockDataProc - INFO - TH0 getdata!
2016-06-19 22:37:42,983 - dataPROC.StockDataProc - INFO - P1 join!
2016-06-19 22:37:42,984 - dataPROC.StockDataProc - INFO - multi start
2016-06-19 22:37:42,986 - dataPROC.StockDataProc - INFO - TH1 getdata!
2016-06-19 22:37:42,999 - dataPROC.StockDataProc - INFO - multi start
2016-06-19 22:37:43,019 - dataPROC.StockDataProc - INFO - TH0 start!
2016-06-19 22:37:43,019 - dataPROC.StockDataProc - INFO - TH0 wait!
2016-06-19 22:37:43,020 - dataPROC.StockDataProc - INFO - TH1 start!
2016-06-19 22:37:43,023 - dataPROC.StockDataProc - INFO - TH1 getdata!
2016-06-19 22:37:43,023 - dataPROC.StockDataProc - INFO - TH0 getdata!
2016-06-19 22:37:43,065 - dataPROC.StockDataProc - INFO - TH0 start!
2016-06-19 22:37:43,065 - dataPROC.StockDataProc - INFO - TH0 wait!
2016-06-19 22:37:43,066 - dataPROC.StockDataProc - INFO - TH1 start!
2016-06-19 22:37:43,076 - dataPROC.StockDataProc - INFO - TH1 getdata!
2016-06-19 22:37:43,076 - dataPROC.StockDataProc - INFO - TH0 getdata!
2016-06-19 22:37:43,280 - dataPROC.StockDataProc - INFO - TH1 writedata!
2016-06-19 22:37:43,303 - dataPROC.StockDataProc - INFO - TH0 writedata!
2016-06-19 22:37:43,398 - dataPROC.StockDataProc - INFO - TH1 start!
2016-06-19 22:37:43,401 - dataPROC.StockDataProc - INFO - TH1 wait!
2016-06-19 22:37:43,510 - dataPROC.StockDataProc - INFO - TH0 start!
2016-06-19 22:37:43,510 - dataPROC.StockDataProc - INFO - TH0 wait!
2016-06-19 22:37:43,835 - dataPROC.StockDataProc - INFO - TH0 writedata!
2016-06-19 22:37:43,838 - dataPROC.StockDataProc - INFO - TH0 writedata!
2016-06-19 22:37:43,868 - dataPROC.StockDataProc - INFO - TH0 start!
2016-06-19 22:37:43,871 - dataPROC.StockDataProc - INFO - TH0 wait!
2016-06-19 22:37:43,884 - dataPROC.StockDataProc - INFO - TH1 writedata!
2016-06-19 22:37:43,885 - dataPROC.StockDataProc - INFO - TH1 start!
2016-06-19 22:37:43,888 - dataPROC.StockDataProc - INFO - TH1 wait!
2016-06-19 22:37:43,905 - dataPROC.StockDataProc - INFO - TH0 start!
2016-06-19 22:37:43,907 - dataPROC.StockDataProc - INFO - TH0 wait!
2016-06-19 22:37:43,915 - dataPROC.StockDataProc - INFO - TH1 writedata!
2016-06-19 22:37:43,917 - dataPROC.StockDataProc - INFO - TH1 start!
2016-06-19 22:37:43,921 - dataPROC.StockDataProc - INFO - TH1 wait!
2016-06-19 22:37:43,967 - dataPROC.StockDataProc - INFO - TH0 start!
2016-06-19 22:37:43,969 - dataPROC.StockDataProc - INFO - TH0 getdata!
2016-06-19 22:37:43,970 - dataPROC.StockDataProc - INFO - multi start
2016-06-19 22:37:43,974 - dataPROC.StockDataProc - INFO - TH1 start!
2016-06-19 22:37:43,976 - dataPROC.StockDataProc - INFO - P2 join!
2016-06-19 22:37:43,976 - dataPROC.StockDataProc - INFO - TH1 getdata!
2016-06-19 22:37:43,977 - dataPROC.StockDataProc - INFO - multi start
2016-06-19 22:37:43,980 - dataPROC.StockDataProc - INFO - TH0 start!
2016-06-19 22:37:43,986 - dataPROC.StockDataProc - INFO - TH1 start!
2016-06-19 22:37:43,986 - dataPROC.StockDataProc - INFO - TH0 wait!
2016-06-19 22:37:43,993 - dataPROC.StockDataProc - INFO - TH0 start!
2016-06-19 22:37:43,994 - dataPROC.StockDataProc - INFO - TH0 wait!
2016-06-19 22:37:43,996 - dataPROC.StockDataProc - INFO - TH1 start!
2016-06-19 22:37:43,996 - dataPROC.StockDataProc - INFO - TH1 wait!
2016-06-19 22:37:44,003 - dataPROC.StockDataProc - INFO - TH1 getdata!
2016-06-19 22:37:44,003 - dataPROC.StockDataProc - INFO - TH0 getdata!
2016-06-19 22:37:44,007 - dataPROC.StockDataProc - INFO - TH0 getdata!
2016-06-19 22:37:44,039 - dataPROC.StockDataProc - INFO - TH1 writedata!
2016-06-19 22:37:44,042 - dataPROC.StockDataProc - INFO - TH1 start!
2016-06-19 22:37:44,043 - dataPROC.StockDataProc - INFO - TH1 wait!
2016-06-19 22:37:44,052 - dataPROC.StockDataProc - INFO - TH0 writedata!
2016-06-19 22:37:44,052 - dataPROC.StockDataProc - INFO - TH0 start!
2016-06-19 22:37:44,053 - dataPROC.StockDataProc - INFO - TH0 wait!
2016-06-19 22:37:44,138 - dataPROC.StockDataProc - INFO - TH0 writedata!
2016-06-19 22:37:44,138 - dataPROC.StockDataProc - INFO - TH0 start!
2016-06-19 22:37:44,141 - dataPROC.StockDataProc - INFO - TH0 wait!
2016-06-19 22:37:44,180 - dataPROC.StockDataProc - INFO - TH0 writedata!
2016-06-19 22:37:44,184 - dataPROC.StockDataProc - INFO - TH0 start!
2016-06-19 22:37:44,188 - dataPROC.StockDataProc - INFO - TH0 wait!
2016-06-19 22:37:44,250 - dataPROC.StockDataProc - INFO - TH0 writedata!
2016-06-19 22:37:44,260 - dataPROC.StockDataProc - INFO - TH0 start!
2016-06-19 22:37:44,262 - dataPROC.StockDataProc - INFO - TH0 wait!
2016-06-19 22:37:44,427 - dataPROC.StockDataProc - INFO - TH0 writedata!
2016-06-19 22:37:44,450 - dataPROC.StockDataProc - INFO - TH0 start!
2016-06-19 22:37:44,451 - dataPROC.StockDataProc - INFO - TH0 wait!
2016-06-19 22:37:44,523 - dataPROC.StockDataProc - INFO - TH1 writedata!
2016-06-19 22:37:44,525 - dataPROC.StockDataProc - INFO - TH1 start!
2016-06-19 22:37:44,526 - dataPROC.StockDataProc - INFO - TH1 wait!
2016-06-19 22:37:44,542 - dataPROC.StockDataProc - INFO - TH1 writedata!
2016-06-19 22:37:44,542 - dataPROC.StockDataProc - INFO - TH1 start!
2016-06-19 22:37:44,543 - dataPROC.StockDataProc - INFO - TH1 wait!
2016-06-19 22:37:44,788 - dataPROC.StockDataProc - INFO - TH1 writedata!
2016-06-19 22:37:44,788 - dataPROC.StockDataProc - INFO - TH1 start!
2016-06-19 22:37:44,789 - dataPROC.StockDataProc - INFO - TH1 wait!
2016-06-19 22:37:44,811 - dataPROC.StockDataProc - INFO - TH1 writedata!
2016-06-19 22:37:44,815 - dataPROC.StockDataProc - INFO - TH1 start!
2016-06-19 22:37:44,815 - dataPROC.StockDataProc - INFO - TH1 wait!
2016-06-19 22:37:44,890 - dataPROC.StockDataProc - INFO - TH1 writedata!
2016-06-19 22:37:44,891 - dataPROC.StockDataProc - INFO - TH1 start!
2016-06-19 22:37:44,891 - dataPROC.StockDataProc - INFO - TH1 wait!
2016-06-19 22:37:44,908 - dataPROC.StockDataProc - INFO - TH0 writedata!
2016-06-19 22:37:44,908 - dataPROC.StockDataProc - INFO - TH0 start!
2016-06-19 22:37:44,910 - dataPROC.StockDataProc - INFO - TH0 wait!
2016-06-19 22:37:45,174 - dataPROC.StockDataProc - INFO - TH0 writedata!
2016-06-19 22:37:45,174 - dataPROC.StockDataProc - INFO - TH0 start!
2016-06-19 22:37:45,176 - dataPROC.StockDataProc - INFO - TH0 getdata!
2016-06-19 22:37:45,378 - dataPROC.StockDataProc - INFO - TH0 writedata!
2016-06-19 22:37:45,380 - dataPROC.StockDataProc - INFO - TH0 start!
2016-06-19 22:37:45,380 - dataPROC.StockDataProc - INFO - TH0 wait!
2016-06-19 22:37:45,392 - dataPROC.StockDataProc - INFO - TH1 writedata!
2016-06-19 22:37:45,395 - dataPROC.StockDataProc - INFO - TH1 start!
2016-06-19 22:37:45,395 - dataPROC.StockDataProc - INFO - TH1 wait!
2016-06-19 22:37:45,469 - dataPROC.StockDataProc - INFO - TH1 writedata!
2016-06-19 22:37:45,470 - dataPROC.StockDataProc - INFO - TH1 start!
2016-06-19 22:37:45,471 - dataPROC.StockDataProc - INFO - TH1 wait!
2016-06-19 22:37:45,483 - dataPROC.StockDataProc - INFO - TH0 writedata!
2016-06-19 22:37:45,484 - dataPROC.StockDataProc - INFO - P0 end!

2016-06-19 22:37:45,484 - dataPROC.StockDataProc - INFO - P1 end!
2016-06-19 22:37:45,484 - dataPROC.StockDataProc - INFO - TH0 start!
2016-06-19 22:37:45,486 - dataPROC.StockDataProc - INFO - P2 end!
2016-06-19 22:37:45,494 - dataPROC.StockDataProc - INFO - TH0 wait!
2016-06-19 22:38:28,730 - dataPROC.StockDataProc - INFO - main join!
2016-06-19 22:38:33,763 - dataPROC.StockDataProc - INFO - TH0 start!
2016-06-19 22:38:33,766 - dataPROC.StockDataProc - INFO - TH0 getdata!
2016-06-19 22:38:33,767 - dataPROC.StockDataProc - INFO - multi start
2016-06-19 22:38:33,776 - dataPROC.StockDataProc - INFO - TH0 start!
2016-06-19 22:38:33,778 - dataPROC.StockDataProc - INFO - TH0 wait!
2016-06-19 22:38:33,790 - dataPROC.StockDataProc - INFO - TH1 start!
2016-06-19 22:38:33,790 - dataPROC.StockDataProc - INFO - TH1 getdata!
2016-06-19 22:38:33,792 - dataPROC.StockDataProc - INFO - multi start
2016-06-19 22:38:33,799 - dataPROC.StockDataProc - INFO - TH1 start!
2016-06-19 22:38:33,799 - dataPROC.StockDataProc - INFO - TH1 wait!
2016-06-19 22:38:33,806 - dataPROC.StockDataProc - INFO - P2 join!
2016-06-19 22:38:33,819 - dataPROC.StockDataProc - INFO - TH0 getdata!
2016-06-19 22:38:33,855 - dataPROC.StockDataProc - INFO - TH0 start!
2016-06-19 22:38:33,878 - dataPROC.StockDataProc - INFO - TH0 wait!
2016-06-19 22:38:33,890 - dataPROC.StockDataProc - INFO - TH1 start!
2016-06-19 22:38:33,904 - dataPROC.StockDataProc - INFO - TH0 start!
2016-06-19 22:38:33,904 - dataPROC.StockDataProc - INFO - TH0 getdata!
2016-06-19 22:38:33,904 - dataPROC.StockDataProc - INFO - multi start
2016-06-19 22:38:33,930 - dataPROC.StockDataProc - INFO - TH1 getdata!
2016-06-19 22:38:33,930 - dataPROC.StockDataProc - INFO - TH0 getdata!
2016-06-19 22:38:33,934 - dataPROC.StockDataProc - INFO - TH1 start!
2016-06-19 22:38:33,934 - dataPROC.StockDataProc - INFO - P0 join!
2016-06-19 22:38:33,936 - dataPROC.StockDataProc - INFO - TH1 getdata!
2016-06-19 22:38:33,937 - dataPROC.StockDataProc - INFO - multi start
2016-06-19 22:38:33,940 - dataPROC.StockDataProc - INFO - TH0 start!
2016-06-19 22:38:33,940 - dataPROC.StockDataProc - INFO - TH0 wait!
2016-06-19 22:38:33,950 - dataPROC.StockDataProc - INFO - TH1 start!
2016-06-19 22:38:33,951 - dataPROC.StockDataProc - INFO - TH1 getdata!
2016-06-19 22:38:33,954 - dataPROC.StockDataProc - INFO - TH0 getdata!
2016-06-19 22:38:33,973 - dataPROC.StockDataProc - INFO - TH0 start!
2016-06-19 22:38:33,976 - dataPROC.StockDataProc - INFO - TH0 wait!
2016-06-19 22:38:34,017 - dataPROC.StockDataProc - INFO - TH1 start!
2016-06-19 22:38:34,019 - dataPROC.StockDataProc - INFO - TH1 wait!
2016-06-19 22:38:34,039 - dataPROC.StockDataProc - INFO - TH0 getdata!
2016-06-19 22:38:34,285 - dataPROC.StockDataProc - INFO - TH0 start!
2016-06-19 22:38:34,286 - dataPROC.StockDataProc - INFO - TH0 getdata!
2016-06-19 22:38:34,286 - dataPROC.StockDataProc - INFO - multi start
2016-06-19 22:38:34,296 - dataPROC.StockDataProc - INFO - TH1 start!
2016-06-19 22:38:34,296 - dataPROC.StockDataProc - INFO - TH1 getdata!
2016-06-19 22:38:34,296 - dataPROC.StockDataProc - INFO - multi start
2016-06-19 22:38:34,312 - dataPROC.StockDataProc - INFO - P1 join!
2016-06-19 22:38:34,315 - dataPROC.StockDataProc - INFO - TH0 start!
2016-06-19 22:38:34,385 - dataPROC.StockDataProc - INFO - TH0 start!
2016-06-19 22:38:34,427 - dataPROC.StockDataProc - INFO - TH1 start!
2016-06-19 22:38:34,428 - dataPROC.StockDataProc - INFO - TH0 wait!
2016-06-19 22:38:34,431 - dataPROC.StockDataProc - INFO - TH0 wait!
2016-06-19 22:38:34,440 - dataPROC.StockDataProc - INFO - TH1 start!
2016-06-19 22:38:34,440 - dataPROC.StockDataProc - INFO - TH1 wait!
2016-06-19 22:38:34,473 - dataPROC.StockDataProc - INFO - TH0 writedata!
2016-06-19 22:38:34,476 - dataPROC.StockDataProc - INFO - TH1 getdata!
2016-06-19 22:38:34,476 - dataPROC.StockDataProc - INFO - TH0 getdata!
2016-06-19 22:38:34,513 - dataPROC.StockDataProc - INFO - TH0 getdata!
2016-06-19 22:38:34,594 - dataPROC.StockDataProc - INFO - TH0 start!
2016-06-19 22:38:34,595 - dataPROC.StockDataProc - INFO - TH0 wait!
2016-06-19 22:38:34,721 - dataPROC.StockDataProc - INFO - TH0 writedata!
2016-06-19 22:38:34,732 - dataPROC.StockDataProc - INFO - TH0 start!
2016-06-19 22:38:34,733 - dataPROC.StockDataProc - INFO - TH0 wait!
2016-06-19 22:38:35,153 - dataPROC.StockDataProc - INFO - TH0 writedata!
2016-06-19 22:38:35,158 - dataPROC.StockDataProc - INFO - TH0 start!
2016-06-19 22:38:35,161 - dataPROC.StockDataProc - INFO - TH1 start!
2016-06-19 22:38:35,163 - dataPROC.StockDataProc - INFO - TH0 start!
2016-06-19 22:38:35,177 - dataPROC.StockDataProc - INFO - TH0 getdata!
2016-06-19 22:38:35,164 - dataPROC.StockDataProc - INFO - P3 join!
2016-06-19 22:38:35,171 - dataPROC.StockDataProc - INFO - TH0 getdata!
2016-06-19 22:38:35,183 - dataPROC.StockDataProc - INFO - TH1 getdata!
2016-06-19 22:38:35,193 - dataPROC.StockDataProc - INFO - multi start
2016-06-19 22:38:35,194 - dataPROC.StockDataProc - INFO - multi start
2016-06-19 22:38:35,210 - dataPROC.StockDataProc - INFO - TH0 start!
2016-06-19 22:38:35,211 - dataPROC.StockDataProc - INFO - TH1 start!
2016-06-19 22:38:35,211 - dataPROC.StockDataProc - INFO - TH0 wait!
2016-06-19 22:38:35,239 - dataPROC.StockDataProc - INFO - TH1 getdata!
2016-06-19 22:38:35,239 - dataPROC.StockDataProc - INFO - TH0 getdata!
2016-06-19 22:38:35,325 - dataPROC.StockDataProc - INFO - TH0 start!
2016-06-19 22:38:35,326 - dataPROC.StockDataProc - INFO - TH0 wait!
2016-06-19 22:38:35,339 - dataPROC.StockDataProc - INFO - TH1 start!
2016-06-19 22:38:35,341 - dataPROC.StockDataProc - INFO - TH1 wait!
2016-06-19 22:38:35,354 - dataPROC.StockDataProc - INFO - TH0 writedata!
2016-06-19 22:38:35,371 - dataPROC.StockDataProc - INFO - TH0 start!
2016-06-19 22:38:35,372 - dataPROC.StockDataProc - INFO - TH0 getdata!
2016-06-19 22:38:35,473 - dataPROC.StockDataProc - INFO - TH0 getdata!
2016-06-19 22:38:35,517 - dataPROC.StockDataProc - INFO - TH0 writedata!
2016-06-19 22:38:35,520 - dataPROC.StockDataProc - INFO - TH0 start!
2016-06-19 22:38:35,576 - dataPROC.StockDataProc - INFO - TH0 wait!
2016-06-19 22:38:35,913 - dataPROC.StockDataProc - INFO - TH0 writedata!
2016-06-19 22:38:35,914 - dataPROC.StockDataProc - INFO - TH0 start!
2016-06-19 22:38:35,917 - dataPROC.StockDataProc - INFO - TH0 wait!
2016-06-19 22:38:36,009 - dataPROC.StockDataProc - INFO - TH0 writedata!
2016-06-19 22:38:36,028 - dataPROC.StockDataProc - INFO - TH0 start!
2016-06-19 22:38:36,032 - dataPROC.StockDataProc - INFO - TH0 getdata!
2016-06-19 22:38:36,035 - dataPROC.StockDataProc - INFO - multi start
2016-06-19 22:38:36,040 - dataPROC.StockDataProc - INFO - TH1 writedata!
2016-06-19 22:38:36,042 - dataPROC.StockDataProc - INFO - TH1 start!
2016-06-19 22:38:36,045 - dataPROC.StockDataProc - INFO - TH1 wait!
2016-06-19 22:38:36,052 - dataPROC.StockDataProc - INFO - TH0 writedata!
2016-06-19 22:38:36,056 - dataPROC.StockDataProc - INFO - TH1 writedata!
2016-06-19 22:38:36,058 - dataPROC.StockDataProc - INFO - TH1 start!
2016-06-19 22:38:36,059 - dataPROC.StockDataProc - INFO - TH1 wait!
2016-06-19 22:38:36,082 - dataPROC.StockDataProc - INFO - TH0 writedata!
2016-06-19 22:38:36,144 - dataPROC.StockDataProc - INFO - TH0 start!
2016-06-19 22:38:36,144 - dataPROC.StockDataProc - INFO - TH0 wait!
2016-06-19 22:38:36,145 - dataPROC.StockDataProc - INFO - TH0 start!
2016-06-19 22:38:36,147 - dataPROC.StockDataProc - INFO - TH0 wait!
2016-06-19 22:38:36,147 - dataPROC.StockDataProc - INFO - TH0 start!
2016-06-19 22:38:36,148 - dataPROC.StockDataProc - INFO - TH0 wait!
2016-06-19 22:38:36,151 - dataPROC.StockDataProc - INFO - TH1 start!
2016-06-19 22:38:36,157 - dataPROC.StockDataProc - INFO - TH1 writedata!
2016-06-19 22:38:36,157 - dataPROC.StockDataProc - INFO - TH1 start!
2016-06-19 22:38:36,158 - dataPROC.StockDataProc - INFO - TH1 wait!
2016-06-19 22:38:36,177 - dataPROC.StockDataProc - INFO - TH1 writedata!
2016-06-19 22:38:36,177 - dataPROC.StockDataProc - INFO - TH1 start!
2016-06-19 22:38:36,177 - dataPROC.StockDataProc - INFO - TH1 wait!
2016-06-19 22:38:36,178 - dataPROC.StockDataProc - INFO - TH1 getdata!
2016-06-19 22:38:36,178 - dataPROC.StockDataProc - INFO - TH0 getdata!
2016-06-19 22:38:36,424 - dataPROC.StockDataProc - INFO - TH0 writedata!
2016-06-19 22:38:36,431 - dataPROC.StockDataProc - INFO - TH0 start!
2016-06-19 22:38:36,434 - dataPROC.StockDataProc - INFO - TH0 wait!
2016-06-19 22:38:36,630 - dataPROC.StockDataProc - INFO - TH1 writedata!
2016-06-19 22:38:36,632 - dataPROC.StockDataProc - INFO - TH1 start!
2016-06-19 22:38:36,634 - dataPROC.StockDataProc - INFO - TH1 wait!
2016-06-19 22:38:36,779 - dataPROC.StockDataProc - INFO - TH1 writedata!
2016-06-19 22:38:36,782 - dataPROC.StockDataProc - INFO - TH1 start!
2016-06-19 22:38:36,783 - dataPROC.StockDataProc - INFO - TH1 wait!
2016-06-19 22:38:36,835 - dataPROC.StockDataProc - INFO - TH1 writedata!
2016-06-19 22:38:36,839 - dataPROC.StockDataProc - INFO - TH1 start!
2016-06-19 22:38:36,842 - dataPROC.StockDataProc - INFO - TH1 wait!
2016-06-19 22:38:36,842 - dataPROC.StockDataProc - INFO - TH0 writedata!
2016-06-19 22:38:36,848 - dataPROC.StockDataProc - INFO - TH0 start!
2016-06-19 22:38:36,848 - dataPROC.StockDataProc - INFO - TH0 getdata!
2016-06-19 22:38:37,144 - dataPROC.StockDataProc - INFO - TH1 writedata!
2016-06-19 22:38:37,145 - dataPROC.StockDataProc - INFO - TH1 start!
2016-06-19 22:38:37,148 - dataPROC.StockDataProc - INFO - TH1 wait!
2016-06-19 22:38:37,164 - dataPROC.StockDataProc - INFO - TH0 writedata!
2016-06-19 22:38:37,165 - dataPROC.StockDataProc - INFO - TH0 start!
2016-06-19 22:38:37,167 - dataPROC.StockDataProc - INFO - TH0 wait!
2016-06-19 22:38:37,184 - dataPROC.StockDataProc - INFO - TH0 writedata!
2016-06-19 22:38:37,187 - dataPROC.StockDataProc - INFO - TH0 start!
2016-06-19 22:38:37,188 - dataPROC.StockDataProc - INFO - TH0 wait!
2016-06-19 22:38:37,207 - dataPROC.StockDataProc - INFO - TH0 writedata!
2016-06-19 22:38:37,207 - dataPROC.StockDataProc - INFO - TH0 start!
2016-06-19 22:38:37,207 - dataPROC.StockDataProc - INFO - TH0 wait!
2016-06-19 22:38:37,331 - dataPROC.StockDataProc - INFO - TH0 writedata!
2016-06-19 22:38:37,332 - dataPROC.StockDataProc - INFO - TH0 start!
2016-06-19 22:38:37,332 - dataPROC.StockDataProc - INFO - TH0 getdata!
2016-06-19 22:38:37,532 - dataPROC.StockDataProc - INFO - TH0 writedata!
2016-06-19 22:38:37,535 - dataPROC.StockDataProc - INFO - TH0 start!
2016-06-19 22:38:37,536 - dataPROC.StockDataProc - INFO - TH0 wait!
2016-06-19 22:38:37,555 - dataPROC.StockDataProc - INFO - TH1 writedata!
2016-06-19 22:38:37,555 - dataPROC.StockDataProc - INFO - TH1 start!
2016-06-19 22:38:37,556 - dataPROC.StockDataProc - INFO - TH1 wait!
2016-06-19 22:38:38,740 - dataPROC.StockDataProc - INFO - TH0 writedata!
2016-06-19 22:38:38,743 - dataPROC.StockDataProc - INFO - TH0 start!
2016-06-19 22:38:38,743 - dataPROC.StockDataProc - INFO - TH0 wait!
2016-06-19 22:38:38,759 - dataPROC.StockDataProc - INFO - TH0 writedata!
2016-06-19 22:38:38,760 - dataPROC.StockDataProc - INFO - main end!
2016-06-19 22:38:38,760 - dataPROC.StockDataProc - INFO - P2 end!
2016-06-19 22:38:38,762 - dataPROC.StockDataProc - INFO - P0 end!
2016-06-19 22:38:38,762 - dataPROC.StockDataProc - INFO - TH0 start!
2016-06-19 22:38:38,762 - dataPROC.StockDataProc - INFO - P3 end!
2016-06-19 22:38:38,772 - dataPROC.StockDataProc - INFO - TH0 wait!
2016-06-19 22:39:35,289 - dataPROC.StockDataProc - INFO - main join!
2016-06-19 22:39:40,099 - dataPROC.StockDataProc - INFO - TH0 start!
2016-06-19 22:39:40,099 - dataPROC.StockDataProc - INFO - TH0 getdata!
2016-06-19 22:39:40,101 - dataPROC.StockDataProc - INFO - multi start
2016-06-19 22:39:40,121 - dataPROC.StockDataProc - INFO - TH0 start!
2016-06-19 22:39:40,122 - dataPROC.StockDataProc - INFO - TH0 getdata!
2016-06-19 22:39:40,124 - dataPROC.StockDataProc - INFO - TH1 start!
2016-06-19 22:39:40,124 - dataPROC.StockDataProc - INFO - multi start
2016-06-19 22:39:40,124 - dataPROC.StockDataProc - INFO - P1 join!
2016-06-19 22:39:40,125 - dataPROC.StockDataProc - INFO - TH1 wait!
2016-06-19 22:39:40,134 - dataPROC.StockDataProc - INFO - TH0 start!
2016-06-19 22:39:40,135 - dataPROC.StockDataProc - INFO - P2 wait!
2016-06-19 22:39:40,137 - dataPROC.StockDataProc - INFO - TH0 wait!
2016-06-19 22:39:40,137 - dataPROC.StockDataProc - INFO - TH1 start!
2016-06-19 22:39:40,137 - dataPROC.StockDataProc - INFO - P0 join!
2016-06-19 22:39:40,138 - dataPROC.StockDataProc - INFO - TH1 start!
2016-06-19 22:39:40,138 - dataPROC.StockDataProc - INFO - TH1 wait!
!
2016-06-19 22:39:40,141 - dataPROC.StockDataProc - INFO - TH0 getdata!
2016-06-19 22:39:40,141 - dataPROC.StockDataProc - INFO - TH0 start!
2016-06-19 22:39:40,142 - dataPROC.StockDataProc - INFO - TH0 wait!
2016-06-19 22:39:40,144 - dataPROC.StockDataProc - INFO - TH1 start!
2016-06-19 22:39:40,150 - dataPROC.StockDataProc - INFO - TH1 getdata!
2016-06-19 22:39:40,151 - dataPROC.StockDataProc - INFO - TH0 getdata!
2016-06-19 22:39:40,344 - dataPROC.StockDataProc - INFO - TH0 writedata!
2016-06-19 22:39:40,345 - dataPROC.StockDataProc - INFO - TH0 start!
2016-06-19 22:39:40,346 - dataPROC.StockDataProc - INFO - TH0 wait!
2016-06-19 22:39:40,348 - dataPROC.StockDataProc - INFO - TH0 writedata!
2016-06-19 22:39:40,349 - dataPROC.StockDataProc - INFO - TH0 start!
2016-06-19 22:39:40,351 - dataPROC.StockDataProc - INFO - TH0 wait!
2016-06-19 22:39:40,397 - dataPROC.StockDataProc - INFO - P3 wait!
2016-06-19 22:39:40,924 - dataPROC.StockDataProc - INFO - TH1 writedata!
2016-06-19 22:39:40,924 - dataPROC.StockDataProc - INFO - TH1 start!
2016-06-19 22:39:40,926 - dataPROC.StockDataProc - INFO - TH1 wait!
2016-06-19 22:39:40,941 - dataPROC.StockDataProc - INFO - TH0 writedata!
2016-06-19 22:39:40,943 - dataPROC.StockDataProc - INFO - TH0 start!
2016-06-19 22:39:40,944 - dataPROC.StockDataProc - INFO - TH0 wait!
2016-06-19 22:39:40,974 - dataPROC.StockDataProc - INFO - TH1 writedata!
2016-06-19 22:39:40,976 - dataPROC.StockDataProc - INFO - TH1 start!
2016-06-19 22:39:40,976 - dataPROC.StockDataProc - INFO - TH1 wait!
2016-06-19 22:39:40,990 - dataPROC.StockDataProc - INFO - TH0 writedata!
2016-06-19 22:39:40,993 - dataPROC.StockDataProc - INFO - P0 end!

2016-06-19 22:39:40,993 - dataPROC.StockDataProc - INFO - TH0 start!
2016-06-19 22:39:40,993 - dataPROC.StockDataProc - INFO - P1 end!
2016-06-19 22:39:40,993 - dataPROC.StockDataProc - INFO - TH0 wait!
